No protocol specified
No protocol specified
No protocol specified
Traceback (most recent call last):
  File "/usr/lib/python3.10/runpy.py", line 187, in _run_module_as_main
    mod_name, mod_spec, code = _get_module_details(mod_name, _Error)
  File "/usr/lib/python3.10/runpy.py", line 110, in _get_module_details
    __import__(pkg_name)
  File "/tmp/w/runnable/ppg/phasic_policy_gradient/__init__.py", line 1, in <module>
    from .train import train_fn
  File "/tmp/w/runnable/ppg/phasic_policy_gradient/train.py", line 3, in <module>
    from . import ppg
  File "/tmp/w/runnable/ppg/phasic_policy_gradient/ppg.py", line 2, in <module>
    from . import ppo
  File "/tmp/w/runnable/ppg/phasic_policy_gradient/ppo.py", line 12, in <module>
    from .roller import Roller
  File "/tmp/w/runnable/ppg/phasic_policy_gradient/roller.py", line 8, in <module>
    from .vec_monitor2 import VecMonitor2
  File "/tmp/w/runnable/ppg/phasic_policy_gradient/vec_monitor2.py", line 5, in <module>
    import gym3
ModuleNotFoundError: No module named 'gym3'
