=== 1. Hardware and CGroup Inspection (t+0s) ===
Linux t4i-1e1dbe03-c146-3203-956f-3474031b8668 5.13.0-40-generic #45~20.04.1-Ubuntu SMP Mon Apr 4 09:38:31 UTC 2022 x86_64 x86_64 x86_64 GNU/Linux
8
               total        used        free      shared  buff/cache   available
Mem:            31Gi       1.2Gi        26Gi       7.0Mi       3.6Gi        29Gi
Swap:             0B          0B          0B
NVIDIA L4, 23034 MiB, 535.261.03
=== 2. System Dependencies (t+0s) ===
Python: 3.10.12 at /usr/bin/python3
=== 3. Unpack Code Payload (t+47s) ===
tar: Ignoring unknown extended header keyword 'LIBARCHIVE.xattr.com.apple.provenance'
tar: Ignoring unknown extended header keyword 'SCHILY.fflags'
tar: Ignoring unknown extended header keyword 'LIBARCHIVE.xattr.com.apple.FinderInfo'
tar: Ignoring unknown extended header keyword 'LIBARCHIVE.xattr.com.apple.provenance'
tar: Ignoring unknown extended header keyword 'LIBARCHIVE.xattr.com.apple.provenance'
tar: Ignoring unknown extended header keyword 'LIBARCHIVE.xattr.com.apple.provenance'
tar: Ignoring unknown extended header keyword 'LIBARCHIVE.xattr.com.apple.provenance'
tar: Ignoring unknown extended header keyword 'LIBARCHIVE.xattr.com.apple.provenance'
tar: Ignoring unknown extended header keyword 'LIBARCHIVE.xattr.com.apple.provenance'
tar: Ignoring unknown extended header keyword 'LIBARCHIVE.xattr.com.apple.provenance'
tar: Ignoring unknown extended header keyword 'LIBARCHIVE.xattr.com.apple.provenance'
tar: Ignoring unknown extended header keyword 'SCHILY.fflags'
tar: Ignoring unknown extended header keyword 'LIBARCHIVE.xattr.com.apple.FinderInfo'
tar: Ignoring unknown extended header keyword 'LIBARCHIVE.xattr.com.apple.provenance'
tar: Ignoring unknown extended header keyword 'LIBARCHIVE.xattr.com.apple.provenance'
tar: Ignoring unknown extended header keyword 'LIBARCHIVE.xattr.com.apple.provenance'
tar: Ignoring unknown extended header keyword 'LIBARCHIVE.xattr.com.apple.provenance'
tar: Ignoring unknown extended header keyword 'LIBARCHIVE.xattr.com.apple.provenance'
tar: Ignoring unknown extended header keyword 'LIBARCHIVE.xattr.com.apple.provenance'
tar: Ignoring unknown extended header keyword 'LIBARCHIVE.xattr.com.apple.provenance'
tar: Ignoring unknown extended header keyword 'SCHILY.fflags'
tar: Ignoring unknown extended header keyword 'LIBARCHIVE.xattr.com.apple.FinderInfo'
tar: Ignoring unknown extended header keyword 'LIBARCHIVE.xattr.com.apple.provenance'
tar: Ignoring unknown extended header keyword 'LIBARCHIVE.xattr.com.apple.provenance'
tar: Ignoring unknown extended header keyword 'LIBARCHIVE.xattr.com.apple.provenance'
tar: Ignoring unknown extended header keyword 'LIBARCHIVE.xattr.com.apple.provenance'
tar: Ignoring unknown extended header keyword 'LIBARCHIVE.xattr.com.apple.provenance'
tar: Ignoring unknown extended header keyword 'LIBARCHIVE.xattr.com.apple.provenance'
tar: Ignoring unknown extended header keyword 'LIBARCHIVE.xattr.com.apple.provenance'
tar: Ignoring unknown extended header keyword 'LIBARCHIVE.xattr.com.apple.provenance'
tar: Ignoring unknown extended header keyword 'LIBARCHIVE.xattr.com.apple.provenance'
tar: Ignoring unknown extended header keyword 'LIBARCHIVE.xattr.com.apple.provenance'
tar: Ignoring unknown extended header keyword 'LIBARCHIVE.xattr.com.apple.provenance'
tar: Ignoring unknown extended header keyword 'LIBARCHIVE.xattr.com.apple.provenance'
tar: Ignoring unknown extended header keyword 'LIBARCHIVE.xattr.com.apple.provenance'
tar: Ignoring unknown extended header keyword 'LIBARCHIVE.xattr.com.apple.provenance'
tar: Ignoring unknown extended header keyword 'LIBARCHIVE.xattr.com.apple.provenance'
tar: Ignoring unknown extended header keyword 'LIBARCHIVE.xattr.com.apple.provenance'
tar: Ignoring unknown extended header keyword 'LIBARCHIVE.xattr.com.apple.provenance'
tar: Ignoring unknown extended header keyword 'LIBARCHIVE.xattr.com.apple.provenance'
tar: Ignoring unknown extended header keyword 'LIBARCHIVE.xattr.com.apple.provenance'
tar: Ignoring unknown extended header keyword 'LIBARCHIVE.xattr.com.apple.provenance'
tar: Ignoring unknown extended header keyword 'LIBARCHIVE.xattr.com.apple.provenance'
tar: Ignoring unknown extended header keyword 'LIBARCHIVE.xattr.com.apple.provenance'
tar: Ignoring unknown extended header keyword 'LIBARCHIVE.xattr.com.apple.provenance'
tar: Ignoring unknown extended header keyword 'LIBARCHIVE.xattr.com.apple.provenance'
tar: Ignoring unknown extended header keyword 'LIBARCHIVE.xattr.com.apple.provenance'
tar: Ignoring unknown extended header keyword 'LIBARCHIVE.xattr.com.apple.provenance'
tar: Ignoring unknown extended header keyword 'LIBARCHIVE.xattr.com.apple.provenance'
tar: Ignoring unknown extended header keyword 'LIBARCHIVE.xattr.com.apple.provenance'
tar: Ignoring unknown extended header keyword 'LIBARCHIVE.xattr.com.apple.provenance'
tar: Ignoring unknown extended header keyword 'SCHILY.fflags'
tar: Ignoring unknown extended header keyword 'LIBARCHIVE.xattr.com.apple.FinderInfo'
tar: Ignoring unknown extended header keyword 'LIBARCHIVE.xattr.com.apple.provenance'
tar: Ignoring unknown extended header keyword 'LIBARCHIVE.xattr.com.apple.provenance'
tar: Ignoring unknown extended header keyword 'LIBARCHIVE.xattr.com.apple.provenance'
tar: Ignoring unknown extended header keyword 'SCHILY.fflags'
tar: Ignoring unknown extended header keyword 'LIBARCHIVE.xattr.com.apple.FinderInfo'
tar: Ignoring unknown extended header keyword 'LIBARCHIVE.xattr.com.apple.provenance'
tar: Ignoring unknown extended header keyword 'LIBARCHIVE.xattr.com.apple.provenance'
tar: Ignoring unknown extended header keyword 'SCHILY.fflags'
tar: Ignoring unknown extended header keyword 'LIBARCHIVE.xattr.com.apple.FinderInfo'
tar: Ignoring unknown extended header keyword 'LIBARCHIVE.xattr.com.apple.provenance'
tar: Ignoring unknown extended header keyword 'LIBARCHIVE.xattr.com.apple.provenance'
tar: Ignoring unknown extended header keyword 'LIBARCHIVE.xattr.com.apple.provenance'
tar: Ignoring unknown extended header keyword 'SCHILY.fflags'
tar: Ignoring unknown extended header keyword 'LIBARCHIVE.xattr.com.apple.FinderInfo'
tar: Ignoring unknown extended header keyword 'LIBARCHIVE.xattr.com.apple.provenance'
=== 4. Clone RL-ViGen Upstream at Pinned Commit (t+47s) ===
Cloned at commit: 90d8b8c40acb63af6f938c1f4cc79a0cfee7d7ec in 38s
=== 5. Python Dependencies (PyTorch cu121 + Pinned Environment) (t+85s) ===
Installed Python packages in 278s
=== 6. Apply RL-ViGen Patches P1-P14 (t+363s) ===
  OK P1  make_env accepts mode        applied
  OK P2  guard the video load         applied
  OK P3a robo_make threads mode       applied
  OK P3b robo_make exports regime     applied
  OK P4a places batch device          applied
  OK P4b places device holder         applied
  OK P4c random_overlay records device applied
  OK P5  drq log_alpha float32        applied
  OK P6  render size settable         applied
  OK P7a train.py GL not forced       applied
  OK P7b eval.py GL not forced        applied
  OK P8  action spec stays float32    applied
  OK P9  robosuite keeps MUJOCO_GL    applied
  OK P10 success flag in info         applied
  OK P12 eval env gets a regime       applied
  OK P14a eval env recipe kept        applied
  OK P14b eval sweeps scenes + train regime applied
  OK P11a Gym2DMC keeps last_info     applied
  OK P11b eval tracks success         applied
  OK P11c eval reads last_info        applied
  OK P11d eval logs success_rate      applied
  OK P13a logger drops tb import      applied
  OK P13b logger imports tb lazily    applied
23 applied, 0 already present, 0 unresolved
by kind of change  (PLATFORM: theirs still · RESTORES: toward their intent · ENABLES: ours)
  PLATFORM      P4, P5, P7, P8, P9, P13
  RESTORES      P1, P2, P3, P12
  ENABLES       P6, P10, P11, P14
A number produced with P6, P10, P11, P14 active is not a pure-fidelity number:
  those patches change what is measured, not how it is reached.
The vendored tree matches its pinned commit plus exactly the declared differences.
  == P1  make_env accepts mode        already applied
  == P2  guard the video load         already applied
  == P3a robo_make threads mode       already applied
  == P3b robo_make exports regime     already applied
  == P4a places batch device          already applied
  == P4b places device holder         already applied
  == P4c random_overlay records device already applied
  == P5  drq log_alpha float32        already applied
  == P6  render size settable         already applied
  == P7a train.py GL not forced       already applied
  == P7b eval.py GL not forced        already applied
  == P8  action spec stays float32    already applied
  == P9  robosuite keeps MUJOCO_GL    already applied
  == P10 success flag in info         already applied
  == P12 eval env gets a regime       already applied
  == P14a eval env recipe kept        already applied
  == P14b eval sweeps scenes + train regime already applied
  == P11a Gym2DMC keeps last_info     already applied
  == P11b eval tracks success         already applied
  == P11c eval reads last_info        already applied
  == P11d eval logs success_rate      already applied
  == P13a logger drops tb import      already applied
  == P13b logger imports tb lazily    already applied
0 applied, 23 already present, 0 unresolved
by kind of change  (PLATFORM: theirs still · RESTORES: toward their intent · ENABLES: ours)
  PLATFORM      P4, P5, P7, P8, P9, P13
  RESTORES      P1, P2, P3, P12
  ENABLES       P6, P10, P11, P14
A number produced with P6, P10, P11, P14 active is not a pure-fidelity number:
  those patches change what is measured, not how it is reached.
The vendored tree matches its pinned commit plus exactly the declared differences.
Patches verified cleanly.
=== 7. GL & CUDA Hardware Gates (t+364s) ===
[robosuite WARNING] No private macro file found! (__init__.py:7)
[robosuite WARNING] It is recommended to use a private macro file (__init__.py:8)
[robosuite WARNING] To setup, run: python /tmp/w/RL-ViGen-upstream/third_party/robosuite/robosuite/scripts/setup_macros.py (__init__.py:9)
GL_VENDOR   : NVIDIA Corporation
GL_RENDERER : NVIDIA L4/PCIe/SSE2
Frame shape : (84, 84, 3)
Exception ignored in: <function MjRenderContext.__del__ at 0x7fe350c52830>
Traceback (most recent call last):
  File "/tmp/w/RL-ViGen-upstream/third_party/robosuite/robosuite/utils/binding_utils.py", line 203, in __del__
  File "/tmp/w/RL-ViGen-upstream/third_party/robosuite/robosuite/renderers/context/egl_context.py", line 149, in free
  File "/usr/local/lib/python3.10/dist-packages/OpenGL/error.py", line 230, in glCheckError
OpenGL.raw.EGL._errors.EGLError: <exception str() failed>
Exception ignored in: <function EGLGLContext.__del__ at 0x7fe350c52680>
Traceback (most recent call last):
  File "/tmp/w/RL-ViGen-upstream/third_party/robosuite/robosuite/renderers/context/egl_context.py", line 155, in __del__
  File "/tmp/w/RL-ViGen-upstream/third_party/robosuite/robosuite/renderers/context/egl_context.py", line 149, in free
  File "/usr/local/lib/python3.10/dist-packages/OpenGL/error.py", line 230, in glCheckError
OpenGL.raw.EGL._errors.EGLError: <exception str() failed>
CUDA Available: True Device: NVIDIA L4
=== 8. W&B Setup (t+372s) ===
wandb: ERROR Failed to authenticate with https://api.wandb.ai: <!doctype html><meta charset="utf-8"><meta name=viewport content="width=device-width, initial-scale=1"><title>403</title>403 Forbidden
Traceback (most recent call last):
  File "<string>", line 1, in <module>
  File "/usr/local/lib/python3.10/dist-packages/wandb/sdk/wandb_login.py", line 100, in login
    logged_in, _ = _login(
  File "/usr/local/lib/python3.10/dist-packages/wandb/sdk/wandb_login.py", line 186, in _login
    auth: wbauth.Auth | None = _use_explicit_key(
  File "/usr/local/lib/python3.10/dist-packages/wandb/sdk/wandb_login.py", line 241, in _use_explicit_key
    auth.verify()
  File "/usr/local/lib/python3.10/dist-packages/wandb/sdk/lib/wbauth/auth.py", line 88, in verify
    raise AuthenticationError(problems)
wandb.errors.errors.AuthenticationError: Failed to authenticate with https://api.wandb.ai: <!doctype html><meta charset="utf-8"><meta name=viewport content="width=device-width, initial-scale=1"><title>403</title>403 Forbidden
=== 9. Run Single SVEA 5k Baseline (Measure Single Worker Max FPS) (t+375s) ===
In 'hydra/config': Could not find 'hydra/launcher/submitit_local'
Available options in 'hydra/launcher':
	basic
Config search path:
	provider=hydra, path=pkg://hydra.conf
	provider=main, path=file:///tmp/w/RL-ViGen-upstream/cfgs
	provider=schema, path=structured://
Set the environment variable HYDRA_FULL_ERROR=1 for a complete stack trace.
SVEA 5k probe completed in 5s
=== 10. Run 4-Worker Concurrency & Thread Calibration Probe (2k steps per worker) (t+380s) ===
Quad workers spawned: PIDs 2736 2737 2738 2739
Active Quad Workers: RSS RAM used = 1322 MB
Active Quad Workers: RSS RAM used = 2648 MB
All 4 workers completed!
Quad calibration completed in 10s
=== 11. Package Artifacts and Calibration Results (t+390s) ===
Packaging complete: 2897 bytes written to /job/result_oes
=== TOTAL DURATION: 390s (t+390s) ===
