note:      mount is read-only, so the chown-back is skipped
image:     nvidia/cuda@sha256:94c1577b2cd9dd6c0312dc04dff9cb2fdce2b268018abc3d7c2dbcacf1155000
mount:     /home/varaksin_as/rlvigen-work:/work:ro
gpus:      device=0
container: rlvigen-volta-probe-v3
script:    96 line(s), passed as base64, never on a command line

==========
== CUDA ==
==========

CUDA Version 12.2.2

Container image Copyright (c) 2016-2023, NVIDIA CORPORATION & AFFILIATES. All rights reserved.

This container image and its contents are governed by the NVIDIA Deep Learning Container License.
By pulling and using the container, you accept the terms and conditions of this license:
https://developer.nvidia.com/ngc/nvidia-deep-learning-container-license

A copy of this license is made available in this container at /NGC-DL-CONTAINER-LICENSE for your convenience.

=== image python ===
no interpreter present; installing one (same as a cell does)
Python 3.10.12 (main, Aug 31 2026, 10:18:17) [GCC 11.4.0]
=== installing ctrl's declared jax spec (families.json, unpinned jaxlib) ===
WARNING: Running pip as the 'root' user can result in broken permissions and conflicting behaviour with the system package manager. It is recommended to use a virtual environment instead: https://pip.pypa.io/warnings/venv
CUDA_ROOT=/usr/local/cuda exists=yes
2026-09-10 20:11:37.783459: W external/xla/xla/service/gpu/autotuning/conv_algorithm_picker.cc:873] None of the algorithms provided by cuDNN heuristics worked; trying fallback algorithms.
2026-09-10 20:11:37.783522: W external/xla/xla/service/gpu/autotuning/conv_algorithm_picker.cc:876] Conv: %cudnn-conv = (f32[1,32,64,64]{3,2,1,0}, u8[0]{0}) custom-call(f32[1,3,64,64]{3,2,1,0} %bitcast.13, f32[32,3,3,3]{3,2,1,0} %bitcast.15), window={size=3x3 pad=1_1x1_1}, dim_labels=bf01_oi01->bf01, custom_call_target="__cudnn$convForward", metadata={op_name="jit(conv_general_dilated)/jit(main)/conv_general_dilated" source_file="<stdin>" source_line=29}, backend_config={"operation_queue_id":"0","wait_on_operation_queues":[],"cudnn_conv_backend_config":{"conv_result_scale":1,"activation_mode":"kNone","side_input_scale":0,"leakyrelu_alpha":0},"force_earliest_schedule":false}
jax=0.4.35 jaxlib=0.4.34
devices: [CudaDevice(id=0)]
  device: Tesla V100-SXM2-32GB compute_capability=7.0
MATMUL OK  sum=134217728
CONV FAILED  XlaRuntimeError: UNKNOWN: Failed to determine best cudnn convolution algorithm for:
%cudnn-conv = (f32[1,32,64,64]{3,2,1,0}, u8[0]{0}) custom-call(f32[1,3,64,64]{3,2,1,0} %bitcast.13, f32[32,3,3,3]{3,2,1,0} %bitcast.15), window={size=3x3 pad=1_1x1_1}, dim_labels=bf01_oi01->bf01, custom_call_target="__cudnn$convForward", metadata={op_name="jit(conv_general_dilated)/jit(main)/conv_general_dilated" source_file="<stdin>" source_line=29}, backend_config={"operation_queue_id":"0","wait_on_operation_queues":[],"cudnn_conv_backend_config":{"conv_result_scale":1,"activation_mode":"kNone","side_input_scale":0,"leakyrelu_alpha":0},"force_earliest_schedule":false}

Original error: INTERNAL: All algorithms tried for (f32[1,32,64,64]{3,2,1,0}, u8[0]{0}) custom-call(f32[1,3,64,64]{3,2,1,0}, f32[32,3,3,3]{3,2,1,0}), window={size=3x3 pad=1_1x1_1}, dim_labels=bf01_oi01->bf01, custom_call_target="__cudnn$convForward", backend_config={"cudnn_conv_backend_config":{"activation_mode":"kNone","conv_result_scale":1,"leakyrelu_alpha":0,"side_input_scale":0},"force_earliest_schedule":false,"operation_queue_id":"0","wait_on_operation_queues":[]} failed. Falling back to default algorithm.  Per-algorithm errors:
  Profiling fai

VERDICT: the card computes but CONVOLUTION fails. The sm_70 lead is CONFIRMED for this
         build: ctrl cannot run here without a jax/cuDNN build that covers sm_70.
=== probe python exit=10 ===
