
=== 1. Hardware & System Inspection (t+0s) ===
Linux t4i-7af3c277-7a13-3ed3-98f4-93143e7fedb7 5.13.0-40-generic #45~20.04.1-Ubuntu SMP Mon Apr 4 09:38:31 UTC 2022 x86_64 x86_64 x86_64 GNU/Linux
               total        used        free      shared  buff/cache   available
Mem:            31Gi       1.3Gi        25Gi       7.0Mi       4.2Gi        29Gi
Swap:             0B          0B          0B
NVIDIA L4, 23034 MiB, 535.261.03

=== 2. System Dependencies (t+0s) ===
Python: 3.10.12 at /usr/bin/python3

=== 3. Unpack Self-Contained Code Payload (t+85s) ===
tar: Ignoring unknown extended header keyword 'LIBARCHIVE.xattr.com.apple.provenance'
tar: Ignoring unknown extended header keyword 'LIBARCHIVE.xattr.com.apple.provenance'
tar: Ignoring unknown extended header keyword 'LIBARCHIVE.xattr.com.apple.provenance'
tar: Ignoring unknown extended header keyword 'LIBARCHIVE.xattr.com.apple.provenance'
tar: Ignoring unknown extended header keyword 'LIBARCHIVE.xattr.com.apple.provenance'
tar: Ignoring unknown extended header keyword 'LIBARCHIVE.xattr.com.apple.provenance'
tar: Ignoring unknown extended header keyword 'LIBARCHIVE.xattr.com.apple.provenance'
tar: Ignoring unknown extended header keyword 'LIBARCHIVE.xattr.com.apple.provenance'
tar: Ignoring unknown extended header keyword 'LIBARCHIVE.xattr.com.apple.provenance'
tar: Ignoring unknown extended header keyword 'LIBARCHIVE.xattr.com.apple.provenance'
tar: Ignoring unknown extended header keyword 'LIBARCHIVE.xattr.com.apple.provenance'
tar: Ignoring unknown extended header keyword 'LIBARCHIVE.xattr.com.apple.provenance'
tar: Ignoring unknown extended header keyword 'LIBARCHIVE.xattr.com.apple.provenance'
tar: Ignoring unknown extended header keyword 'LIBARCHIVE.xattr.com.apple.provenance'
tar: Ignoring unknown extended header keyword 'LIBARCHIVE.xattr.com.apple.provenance'
tar: Ignoring unknown extended header keyword 'LIBARCHIVE.xattr.com.apple.provenance'
tar: Ignoring unknown extended header keyword 'LIBARCHIVE.xattr.com.apple.provenance'
tar: Ignoring unknown extended header keyword 'LIBARCHIVE.xattr.com.apple.provenance'
tar: Ignoring unknown extended header keyword 'LIBARCHIVE.xattr.com.apple.provenance'
tar: Ignoring unknown extended header keyword 'LIBARCHIVE.xattr.com.apple.provenance'
tar: Ignoring unknown extended header keyword 'LIBARCHIVE.xattr.com.apple.provenance'
tar: Ignoring unknown extended header keyword 'LIBARCHIVE.xattr.com.apple.provenance'
tar: Ignoring unknown extended header keyword 'LIBARCHIVE.xattr.com.apple.provenance'
tar: Ignoring unknown extended header keyword 'LIBARCHIVE.xattr.com.apple.provenance'
tar: Ignoring unknown extended header keyword 'LIBARCHIVE.xattr.com.apple.provenance'
tar: Ignoring unknown extended header keyword 'LIBARCHIVE.xattr.com.apple.provenance'
tar: Ignoring unknown extended header keyword 'LIBARCHIVE.xattr.com.apple.provenance'
tar: Ignoring unknown extended header keyword 'LIBARCHIVE.xattr.com.apple.provenance'
tar: Ignoring unknown extended header keyword 'LIBARCHIVE.xattr.com.apple.provenance'
tar: Ignoring unknown extended header keyword 'LIBARCHIVE.xattr.com.apple.provenance'
tar: Ignoring unknown extended header keyword 'LIBARCHIVE.xattr.com.apple.provenance'
tar: Ignoring unknown extended header keyword 'LIBARCHIVE.xattr.com.apple.provenance'
tar: Ignoring unknown extended header keyword 'LIBARCHIVE.xattr.com.apple.provenance'
tar: Ignoring unknown extended header keyword 'LIBARCHIVE.xattr.com.apple.provenance'
tar: Ignoring unknown extended header keyword 'LIBARCHIVE.xattr.com.apple.provenance'
tar: Ignoring unknown extended header keyword 'LIBARCHIVE.xattr.com.apple.provenance'
tar: Ignoring unknown extended header keyword 'LIBARCHIVE.xattr.com.apple.provenance'
tar: Ignoring unknown extended header keyword 'LIBARCHIVE.xattr.com.apple.provenance'
tar: Ignoring unknown extended header keyword 'LIBARCHIVE.xattr.com.apple.provenance'
tar: Ignoring unknown extended header keyword 'LIBARCHIVE.xattr.com.apple.provenance'
tar: Ignoring unknown extended header keyword 'LIBARCHIVE.xattr.com.apple.provenance'
tar: Ignoring unknown extended header keyword 'LIBARCHIVE.xattr.com.apple.provenance'
tar: Ignoring unknown extended header keyword 'LIBARCHIVE.xattr.com.apple.provenance'
tar: Ignoring unknown extended header keyword 'LIBARCHIVE.xattr.com.apple.provenance'
tar: Ignoring unknown extended header keyword 'LIBARCHIVE.xattr.com.apple.provenance'
tar: Ignoring unknown extended header keyword 'LIBARCHIVE.xattr.com.apple.provenance'
tar: Ignoring unknown extended header keyword 'LIBARCHIVE.xattr.com.apple.provenance'
tar: Ignoring unknown extended header keyword 'LIBARCHIVE.xattr.com.apple.provenance'
tar: Ignoring unknown extended header keyword 'LIBARCHIVE.xattr.com.apple.provenance'
tar: Ignoring unknown extended header keyword 'LIBARCHIVE.xattr.com.apple.provenance'
tar: Ignoring unknown extended header keyword 'LIBARCHIVE.xattr.com.apple.provenance'
tar: Ignoring unknown extended header keyword 'LIBARCHIVE.xattr.com.apple.provenance'
tar: Ignoring unknown extended header keyword 'LIBARCHIVE.xattr.com.apple.provenance'
tar: Ignoring unknown extended header keyword 'LIBARCHIVE.xattr.com.apple.provenance'
tar: Ignoring unknown extended header keyword 'LIBARCHIVE.xattr.com.apple.provenance'
tar: Ignoring unknown extended header keyword 'LIBARCHIVE.xattr.com.apple.provenance'
tar: Ignoring unknown extended header keyword 'LIBARCHIVE.xattr.com.apple.provenance'
tar: Ignoring unknown extended header keyword 'LIBARCHIVE.xattr.com.apple.provenance'
tar: Ignoring unknown extended header keyword 'LIBARCHIVE.xattr.com.apple.provenance'
tar: Ignoring unknown extended header keyword 'LIBARCHIVE.xattr.com.apple.provenance'
tar: Ignoring unknown extended header keyword 'LIBARCHIVE.xattr.com.apple.provenance'
tar: Ignoring unknown extended header keyword 'LIBARCHIVE.xattr.com.apple.provenance'
tar: Ignoring unknown extended header keyword 'LIBARCHIVE.xattr.com.apple.provenance'
tar: Ignoring unknown extended header keyword 'LIBARCHIVE.xattr.com.apple.provenance'
tar: Ignoring unknown extended header keyword 'LIBARCHIVE.xattr.com.apple.provenance'
tar: Ignoring unknown extended header keyword 'LIBARCHIVE.xattr.com.apple.provenance'
tar: Ignoring unknown extended header keyword 'LIBARCHIVE.xattr.com.apple.provenance'
tar: Ignoring unknown extended header keyword 'LIBARCHIVE.xattr.com.apple.provenance'
tar: Ignoring unknown extended header keyword 'LIBARCHIVE.xattr.com.apple.provenance'
tar: Ignoring unknown extended header keyword 'LIBARCHIVE.xattr.com.apple.provenance'
tar: Ignoring unknown extended header keyword 'LIBARCHIVE.xattr.com.apple.provenance'
tar: Ignoring unknown extended header keyword 'LIBARCHIVE.xattr.com.apple.provenance'
tar: Ignoring unknown extended header keyword 'LIBARCHIVE.xattr.com.apple.provenance'
tar: Ignoring unknown extended header keyword 'LIBARCHIVE.xattr.com.apple.provenance'
tar: Ignoring unknown extended header keyword 'LIBARCHIVE.xattr.com.apple.provenance'
tar: Ignoring unknown extended header keyword 'LIBARCHIVE.xattr.com.apple.provenance'
tar: Ignoring unknown extended header keyword 'LIBARCHIVE.xattr.com.apple.provenance'
tar: Ignoring unknown extended header keyword 'LIBARCHIVE.xattr.com.apple.provenance'
tar: Ignoring unknown extended header keyword 'LIBARCHIVE.xattr.com.apple.provenance'
tar: Ignoring unknown extended header keyword 'LIBARCHIVE.xattr.com.apple.provenance'
tar: Ignoring unknown extended header keyword 'LIBARCHIVE.xattr.com.apple.provenance'
tar: Ignoring unknown extended header keyword 'LIBARCHIVE.xattr.com.apple.provenance'
tar: Ignoring unknown extended header keyword 'LIBARCHIVE.xattr.com.apple.provenance'
tar: Ignoring unknown extended header keyword 'LIBARCHIVE.xattr.com.apple.provenance'
tar: Ignoring unknown extended header keyword 'LIBARCHIVE.xattr.com.apple.provenance'
tar: Ignoring unknown extended header keyword 'LIBARCHIVE.xattr.com.apple.provenance'
tar: Ignoring unknown extended header keyword 'LIBARCHIVE.xattr.com.apple.provenance'
tar: Ignoring unknown extended header keyword 'LIBARCHIVE.xattr.com.apple.provenance'
tar: Ignoring unknown extended header keyword 'LIBARCHIVE.xattr.com.apple.provenance'
tar: Ignoring unknown extended header keyword 'LIBARCHIVE.xattr.com.apple.provenance'
tar: Ignoring unknown extended header keyword 'LIBARCHIVE.xattr.com.apple.provenance'
tar: Ignoring unknown extended header keyword 'LIBARCHIVE.xattr.com.apple.provenance'
tar: Ignoring unknown extended header keyword 'LIBARCHIVE.xattr.com.apple.provenance'
tar: Ignoring unknown extended header keyword 'LIBARCHIVE.xattr.com.apple.provenance'
tar: Ignoring unknown extended header keyword 'LIBARCHIVE.xattr.com.apple.provenance'
tar: Ignoring unknown extended header keyword 'LIBARCHIVE.xattr.com.apple.provenance'
tar: Ignoring unknown extended header keyword 'LIBARCHIVE.xattr.com.apple.provenance'
tar: Ignoring unknown extended header keyword 'LIBARCHIVE.xattr.com.apple.provenance'
tar: Ignoring unknown extended header keyword 'LIBARCHIVE.xattr.com.apple.provenance'
tar: Ignoring unknown extended header keyword 'LIBARCHIVE.xattr.com.apple.provenance'
tar: Ignoring unknown extended header keyword 'LIBARCHIVE.xattr.com.apple.provenance'
tar: Ignoring unknown extended header keyword 'LIBARCHIVE.xattr.com.apple.provenance'
tar: Ignoring unknown extended header keyword 'LIBARCHIVE.xattr.com.apple.provenance'
tar: Ignoring unknown extended header keyword 'LIBARCHIVE.xattr.com.apple.provenance'
tar: Ignoring unknown extended header keyword 'LIBARCHIVE.xattr.com.apple.provenance'
tar: Ignoring unknown extended header keyword 'LIBARCHIVE.xattr.com.apple.provenance'
tar: Ignoring unknown extended header keyword 'LIBARCHIVE.xattr.com.apple.provenance'
tar: Ignoring unknown extended header keyword 'LIBARCHIVE.xattr.com.apple.provenance'
tar: Ignoring unknown extended header keyword 'LIBARCHIVE.xattr.com.apple.provenance'
tar: Ignoring unknown extended header keyword 'LIBARCHIVE.xattr.com.apple.provenance'
tar: Ignoring unknown extended header keyword 'LIBARCHIVE.xattr.com.apple.provenance'
tar: Ignoring unknown extended header keyword 'LIBARCHIVE.xattr.com.apple.provenance'

=== 4. Python Dependencies (PyTorch cu121 + Pinned Environment) (t+96s) ===
Installed Python packages in 298s

=== 5. Apply RL-ViGen Patches P1-P14 (t+394s) ===
  == P1  make_env accepts mode        already applied
  == P2  guard the video load         already applied
  == P3a robo_make threads mode       already applied
  == P3b robo_make exports regime     already applied
  == P4a places batch device          already applied
  == P4b places device holder         already applied
  == P4c random_overlay records device already applied
  == P5  drq log_alpha float32        already applied
  == P6  render size settable         already applied
  == P7a train.py GL not forced       already applied
  == P7b eval.py GL not forced        already applied
  == P8  action spec stays float32    already applied
  == P9  robosuite keeps MUJOCO_GL    already applied
  == P10 success flag in info         already applied
  == P12 eval env gets a regime       already applied
  == P14a eval env recipe kept        already applied
  == P14b eval sweeps scenes + train regime already applied
  == P11a Gym2DMC keeps last_info     already applied
  == P11b eval tracks success         already applied
  == P11c eval reads last_info        already applied
  == P11d eval logs success_rate      already applied
  == P13a logger drops tb import      already applied
  == P13b logger imports tb lazily    already applied

0 applied, 23 already present, 0 unresolved

by kind of change  (PLATFORM: theirs still · RESTORES: toward their intent · ENABLES: ours)
  PLATFORM      P4, P5, P7, P8, P9, P13
  RESTORES      P1, P2, P3, P12
  ENABLES       P6, P10, P11, P14

A number produced with P6, P10, P11, P14 active is not a pure-fidelity number:
  those patches change what is measured, not how it is reached.
The vendored tree matches its pinned commit plus exactly the declared differences.
  == P1  make_env accepts mode        already applied
  == P2  guard the video load         already applied
  == P3a robo_make threads mode       already applied
  == P3b robo_make exports regime     already applied
  == P4a places batch device          already applied
  == P4b places device holder         already applied
  == P4c random_overlay records device already applied
  == P5  drq log_alpha float32        already applied
  == P6  render size settable         already applied
  == P7a train.py GL not forced       already applied
  == P7b eval.py GL not forced        already applied
  == P8  action spec stays float32    already applied
  == P9  robosuite keeps MUJOCO_GL    already applied
  == P10 success flag in info         already applied
  == P12 eval env gets a regime       already applied
  == P14a eval env recipe kept        already applied
  == P14b eval sweeps scenes + train regime already applied
  == P11a Gym2DMC keeps last_info     already applied
  == P11b eval tracks success         already applied
  == P11c eval reads last_info        already applied
  == P11d eval logs success_rate      already applied
  == P13a logger drops tb import      already applied
  == P13b logger imports tb lazily    already applied

0 applied, 23 already present, 0 unresolved

by kind of change  (PLATFORM: theirs still · RESTORES: toward their intent · ENABLES: ours)
  PLATFORM      P4, P5, P7, P8, P9, P13
  RESTORES      P1, P2, P3, P12
  ENABLES       P6, P10, P11, P14

A number produced with P6, P10, P11, P14 active is not a pure-fidelity number:
  those patches change what is measured, not how it is reached.
The vendored tree matches its pinned commit plus exactly the declared differences.
Patches verified cleanly.

=== 6. GL & CUDA Hardware Gates (t+394s) ===
[robosuite WARNING] No private macro file found! (__init__.py:7)
[robosuite WARNING] It is recommended to use a private macro file (__init__.py:8)
[robosuite WARNING] To setup, run: python /tmp/w/RL-ViGen-upstream/third_party/robosuite/robosuite/scripts/setup_macros.py (__init__.py:9)
GL_VENDOR   : NVIDIA Corporation
GL_RENDERER : NVIDIA L4/PCIe/SSE2
Frame shape : (84, 84, 3)
Exception ignored in: <function MjRenderContext.__del__ at 0x7f60d1939510>
Traceback (most recent call last):
  File "/tmp/w/RL-ViGen-upstream/third_party/robosuite/robosuite/utils/binding_utils.py", line 203, in __del__
  File "/tmp/w/RL-ViGen-upstream/third_party/robosuite/robosuite/renderers/context/egl_context.py", line 149, in free
  File "/usr/local/lib/python3.10/dist-packages/OpenGL/error.py", line 230, in glCheckError
OpenGL.raw.EGL._errors.EGLError: <exception str() failed>
Exception ignored in: <function EGLGLContext.__del__ at 0x7f60d1939360>
Traceback (most recent call last):
  File "/tmp/w/RL-ViGen-upstream/third_party/robosuite/robosuite/renderers/context/egl_context.py", line 155, in __del__
  File "/tmp/w/RL-ViGen-upstream/third_party/robosuite/robosuite/renderers/context/egl_context.py", line 149, in free
  File "/usr/local/lib/python3.10/dist-packages/OpenGL/error.py", line 230, in glCheckError
OpenGL.raw.EGL._errors.EGLError: <exception str() failed>

=== 7. W&B Setup (t+400s) ===
wandb: ERROR Failed to authenticate with https://api.wandb.ai: <!doctype html><meta charset="utf-8"><meta name=viewport content="width=device-width, initial-scale=1"><title>403</title>403 Forbidden
Traceback (most recent call last):
  File "<string>", line 1, in <module>
  File "/usr/local/lib/python3.10/dist-packages/wandb/sdk/wandb_login.py", line 100, in login
    logged_in, _ = _login(
  File "/usr/local/lib/python3.10/dist-packages/wandb/sdk/wandb_login.py", line 186, in _login
    auth: wbauth.Auth | None = _use_explicit_key(
  File "/usr/local/lib/python3.10/dist-packages/wandb/sdk/wandb_login.py", line 241, in _use_explicit_key
    auth.verify()
  File "/usr/local/lib/python3.10/dist-packages/wandb/sdk/lib/wbauth/auth.py", line 88, in verify
    raise AuthenticationError(problems)
wandb.errors.errors.AuthenticationError: Failed to authenticate with https://api.wandb.ai: <!doctype html><meta charset="utf-8"><meta name=viewport content="width=device-width, initial-scale=1"><title>403</title>403 Forbidden

=== 8. Probe 2A: DrQ-v2 Standalone Probe (5,000 steps) (t+402s) ===
[robosuite WARNING] No private macro file found! (__init__.py:7)
workspace: /tmp/w/RL-ViGen-upstream/exp_local/2026.08.31/122105_action_repeat=1,env=robosuite,eval_every_frames=2500,num_eval_episodes=2,num_train_frames=5000,save_snapshot=True,save_video=False,save_video=False,seed=1,task@_global_=Door,use_tb=True,use_tb=True,use_wandb=False,use_wandb=False
[2026-08-31 12:21:07,813][robosuite_logs][WARNING] - No private macro file found!
[robosuite WARNING] It is recommended to use a private macro file (__init__.py:8)
[2026-08-31 12:21:07,813][robosuite_logs][WARNING] - It is recommended to use a private macro file
[robosuite WARNING] To setup, run: python /tmp/w/RL-ViGen-upstream/third_party/robosuite/robosuite/scripts/setup_macros.py (__init__.py:9)
[2026-08-31 12:21:07,813][robosuite_logs][WARNING] - To setup, run: python /tmp/w/RL-ViGen-upstream/third_party/robosuite/robosuite/scripts/setup_macros.py
Gym has been unmaintained since 2022 and does not support NumPy 2.0 amongst other critical functionality.
Please upgrade to Gymnasium, the maintained drop-in replacement of Gym, or contact the authors of your software and request that they upgrade.
See the migration guide at https://gymnasium.farama.org/introduction/migration_guide/ for additional information.
[2026-08-31 12:21:08,320][matplotlib.font_manager][INFO] - generated new fontManager
Now the mode is train
Now the mode is eval-easy
Now the mode is eval-easy
Now the mode is eval-easy
Now the mode is eval-easy
Now the mode is eval-easy
Now the mode is eval-easy
Now the mode is eval-easy
Now the mode is eval-easy
Now the mode is eval-easy
Now the mode is eval-easy
Now the mode is eval-easy
Now the mode is train
| eval           | F: 0 | S: 0 | E: 0 | L: 500 | R: 0.8345 | T: 0:00:01 | SR: 0.0000
Now the mode is eval-easy
Now the mode is eval-easy
Now the mode is eval-easy
Now the mode is eval-easy
Now the mode is eval-easy
Now the mode is eval-easy
Now the mode is eval-easy
Now the mode is eval-easy
Now the mode is eval-easy
Now the mode is eval-easy
Now the mode is train
| eval           | F: 2500 | S: 2500 | E: 5 | L: 500 | R: 0.8630 | T: 0:02:37 | SR: 0.0000
/tmp/w/RL-ViGen-upstream/replay_buffer.py:170: DeprecationWarning: Seeding based on hashing is deprecated
since Python 3.9 and will be removed in a subsequent version. The only 
supported seed types are: None, int, float, str, bytes, and bytearray.
  random.seed(seed)
/tmp/w/RL-ViGen-upstream/replay_buffer.py:170: DeprecationWarning: Seeding based on hashing is deprecated
since Python 3.9 and will be removed in a subsequent version. The only 
supported seed types are: None, int, float, str, bytes, and bytearray.
  random.seed(seed)
/tmp/w/RL-ViGen-upstream/replay_buffer.py:170: DeprecationWarning: Seeding based on hashing is deprecated
since Python 3.9 and will be removed in a subsequent version. The only 
supported seed types are: None, int, float, str, bytes, and bytearray.
  random.seed(seed)
/tmp/w/RL-ViGen-upstream/replay_buffer.py:170: DeprecationWarning: Seeding based on hashing is deprecated
since Python 3.9 and will be removed in a subsequent version. The only 
supported seed types are: None, int, float, str, bytes, and bytearray.
  random.seed(seed)
| train          | F: 4500 | S: 4500 | E: 9 | L: 500 | R: 0.7290 | BS: 4500 | FPS: 1.6362 | T: 0:05:05
Exception ignored in: <function MjRenderContext.__del__ at 0x7fbda3455c60>
Traceback (most recent call last):
  File "/tmp/w/RL-ViGen-upstream/third_party/robosuite/robosuite/utils/binding_utils.py", line 203, in __del__
    self.gl_ctx.free()
  File "/tmp/w/RL-ViGen-upstream/third_party/robosuite/robosuite/renderers/context/egl_context.py", line 150, in free
    EGL.eglDestroyContext(EGL_DISPLAY, self._context)
  File "/usr/local/lib/python3.10/dist-packages/OpenGL/error.py", line 230, in glCheckError
    raise self._errorClass(
OpenGL.raw.EGL._errors.EGLError: EGLError(
	err = EGL_NOT_INITIALIZED,
	baseOperation = eglDestroyContext,
	cArguments = (
		<OpenGL._opaque.EGLDisplay_pointer object at 0x7fbda06622c0>,
		<OpenGL._opaque.EGLContext_pointer object at 0x7fbda047d7c0>,
	),
	result = 0
)
Exception ignored in: <function EGLGLContext.__del__ at 0x7fbda3455ab0>
Traceback (most recent call last):
  File "/tmp/w/RL-ViGen-upstream/third_party/robosuite/robosuite/renderers/context/egl_context.py", line 155, in __del__
    self.free()
  File "/tmp/w/RL-ViGen-upstream/third_party/robosuite/robosuite/renderers/context/egl_context.py", line 150, in free
    EGL.eglDestroyContext(EGL_DISPLAY, self._context)
  File "/usr/local/lib/python3.10/dist-packages/OpenGL/error.py", line 230, in glCheckError
    raise self._errorClass(
OpenGL.raw.EGL._errors.EGLError: EGLError(
	err = EGL_NOT_INITIALIZED,
	baseOperation = eglDestroyContext,
	cArguments = (
		<OpenGL._opaque.EGLDisplay_pointer object at 0x7fbda06622c0>,
		<OpenGL._opaque.EGLContext_pointer object at 0x7fbda047d7c0>,
	),
	result = 0
)
Exception ignored in: <function MjRenderContext.__del__ at 0x7fbda3455c60>
Traceback (most recent call last):
  File "/tmp/w/RL-ViGen-upstream/third_party/robosuite/robosuite/utils/binding_utils.py", line 203, in __del__
    self.gl_ctx.free()
  File "/tmp/w/RL-ViGen-upstream/third_party/robosuite/robosuite/renderers/context/egl_context.py", line 150, in free
    EGL.eglDestroyContext(EGL_DISPLAY, self._context)
  File "/usr/local/lib/python3.10/dist-packages/OpenGL/error.py", line 230, in glCheckError
    raise self._errorClass(
OpenGL.raw.EGL._errors.EGLError: EGLError(
	err = EGL_NOT_INITIALIZED,
	baseOperation = eglDestroyContext,
	cArguments = (
		<OpenGL._opaque.EGLDisplay_pointer object at 0x7fbda06622c0>,
		<OpenGL._opaque.EGLContext_pointer object at 0x7fbdaab755c0>,
	),
	result = 0
)
Exception ignored in: <function EGLGLContext.__del__ at 0x7fbda3455ab0>
Traceback (most recent call last):
  File "/tmp/w/RL-ViGen-upstream/third_party/robosuite/robosuite/renderers/context/egl_context.py", line 155, in __del__
    self.free()
  File "/tmp/w/RL-ViGen-upstream/third_party/robosuite/robosuite/renderers/context/egl_context.py", line 150, in free
    EGL.eglDestroyContext(EGL_DISPLAY, self._context)
  File "/usr/local/lib/python3.10/dist-packages/OpenGL/error.py", line 230, in glCheckError
    raise self._errorClass(
OpenGL.raw.EGL._errors.EGLError: EGLError(
	err = EGL_NOT_INITIALIZED,
	baseOperation = eglDestroyContext,
	cArguments = (
		<OpenGL._opaque.EGLDisplay_pointer object at 0x7fbda06622c0>,
		<OpenGL._opaque.EGLContext_pointer object at 0x7fbdaab755c0>,
	),
	result = 0
)
Exception ignored in: <function MjRenderContext.__del__ at 0x7fbda3455c60>
Traceback (most recent call last):
  File "/tmp/w/RL-ViGen-upstream/third_party/robosuite/robosuite/utils/binding_utils.py", line 203, in __del__
    self.gl_ctx.free()
  File "/tmp/w/RL-ViGen-upstream/third_party/robosuite/robosuite/renderers/context/egl_context.py", line 149, in free
    EGL.eglMakeCurrent(EGL_DISPLAY, EGL.EGL_NO_SURFACE, EGL.EGL_NO_SURFACE, EGL.EGL_NO_CONTEXT)
  File "/usr/local/lib/python3.10/dist-packages/OpenGL/error.py", line 230, in glCheckError
    raise self._errorClass(
OpenGL.raw.EGL._errors.EGLError: EGLError(
	err = EGL_NOT_INITIALIZED,
	baseOperation = eglMakeCurrent,
	cArguments = (
		<OpenGL._opaque.EGLDisplay_pointer object at 0x7fbda06622c0>,
		<OpenGL._opaque.EGLSurface_pointer object at 0x7fbdd170e3c0>,
		<OpenGL._opaque.EGLSurface_pointer object at 0x7fbdd170e3c0>,
		<OpenGL._opaque.EGLContext_pointer object at 0x7fbdd170e4c0>,
	),
	result = 0
)
Exception ignored in: <function EGLGLContext.__del__ at 0x7fbda3455ab0>
Traceback (most recent call last):
  File "/tmp/w/RL-ViGen-upstream/third_party/robosuite/robosuite/renderers/context/egl_context.py", line 155, in __del__
    self.free()
  File "/tmp/w/RL-ViGen-upstream/third_party/robosuite/robosuite/renderers/context/egl_context.py", line 149, in free
    EGL.eglMakeCurrent(EGL_DISPLAY, EGL.EGL_NO_SURFACE, EGL.EGL_NO_SURFACE, EGL.EGL_NO_CONTEXT)
  File "/usr/local/lib/python3.10/dist-packages/OpenGL/error.py", line 230, in glCheckError
    raise self._errorClass(
OpenGL.raw.EGL._errors.EGLError: EGLError(
	err = EGL_NOT_INITIALIZED,
	baseOperation = eglMakeCurrent,
	cArguments = (
		<OpenGL._opaque.EGLDisplay_pointer object at 0x7fbda06622c0>,
		<OpenGL._opaque.EGLSurface_pointer object at 0x7fbdd170e3c0>,
		<OpenGL._opaque.EGLSurface_pointer object at 0x7fbdd170e3c0>,
		<OpenGL._opaque.EGLContext_pointer object at 0x7fbdd170e4c0>,
	),
	result = 0
)
DrQ-v2 probe completed in 338s

=== 9. Probe 2B: IDAAC Standalone Probe (5,000 steps) (t+740s) ===
Gym has been unmaintained since 2022 and does not support NumPy 2.0 amongst other critical functionality.
Please upgrade to Gymnasium, the maintained drop-in replacement of Gym, or contact the authors of your software and request that they upgrade.
See the migration guide at https://gymnasium.farama.org/introduction/migration_guide/ for additional information.
Traceback (most recent call last):
  File "/tmp/w/runnable/idaac/train.py", line 8, in <module>
    from test import evaluate
  File "/tmp/w/runnable/idaac/test.py", line 9, in <module>
    from baselines.common.vec_env import (
  File "/tmp/w/ext/baselines/baselines/common/vec_env/__init__.py", line 3, in <module>
    from .shmem_vec_env import ShmemVecEnv
  File "/tmp/w/ext/baselines/baselines/common/vec_env/shmem_vec_env.py", line 17, in <module>
    np.bool: ctypes.c_bool}
  File "/usr/local/lib/python3.10/dist-packages/numpy/__init__.py", line 324, in __getattr__
    raise AttributeError(__former_attrs__[attr])
AttributeError: module 'numpy' has no attribute 'bool'.
`np.bool` was a deprecated alias for the builtin `bool`. To avoid this error in existing code, use `bool` by itself. Doing this will not modify any behavior and is safe. If you specifically wanted the numpy scalar type, use `np.bool_` here.
The aliases was originally deprecated in NumPy 1.20; for more details and guidance see the original release note at:
    https://numpy.org/devdocs/release/1.20.0-notes.html#deprecations. Did you mean: 'bool_'?
IDAAC probe completed in 2s

=== 10. Probe 2C: PPG Standalone Probe (5,000 steps) (t+742s) ===
No protocol specified
No protocol specified
No protocol specified
Traceback (most recent call last):
  File "/usr/lib/python3.10/runpy.py", line 187, in _run_module_as_main
    mod_name, mod_spec, code = _get_module_details(mod_name, _Error)
  File "/usr/lib/python3.10/runpy.py", line 110, in _get_module_details
    __import__(pkg_name)
  File "/tmp/w/runnable/ppg/phasic_policy_gradient/__init__.py", line 1, in <module>
    from .train import train_fn
  File "/tmp/w/runnable/ppg/phasic_policy_gradient/train.py", line 7, in <module>
    from .envs import get_venv
  File "/tmp/w/runnable/ppg/phasic_policy_gradient/envs.py", line 3, in <module>
    from procgen import ProcgenGym3Env
ModuleNotFoundError: No module named 'procgen'
PPG probe completed in 2s

=== 11. Probe 2D: ALDA Standalone Probe (5,000 steps, Full Buffer) (t+744s) ===
2026-08-31 12:26:44,169 [INFO] __main__: scripts/train.py --experiment_spec_file specs/train_alda_robosuite_door.yaml --results_dir results --use_wandb False --spec_overrides --spec.trainer.config.n_train_steps=5000 --spec.trainer.config.seed=1
[37m[1m[2026-08-31 12:26:44,169] [INFO] __main__: scripts/train.py --experiment_spec_file specs/train_alda_robosuite_door.yaml --results_dir results --use_wandb False --spec_overrides --spec.trainer.config.n_train_steps=5000 --spec.trainer.config.seed=1[0m
2026-08-31 12:26:44,169 [INFO] utils: ---- Options ----
[37m[1m[2026-08-31 12:26:44,169] [INFO] utils: ---- Options ----[0m
2026-08-31 12:26:44,170 [INFO] utils: name   : alda_robosuite_door
[37m[1m[2026-08-31 12:26:44,170] [INFO] utils: name   : alda_robosuite_door[0m
2026-08-31 12:26:44,170 [INFO] utils: trainer:
[37m[1m[2026-08-31 12:26:44,170] [INFO] utils: trainer:[0m
2026-08-31 12:26:44,170 [INFO] utils:     class : ALDA
[37m[1m[2026-08-31 12:26:44,170] [INFO] utils:     class : ALDA[0m
2026-08-31 12:26:44,170 [INFO] utils:     module: trainers.alda_trainer
[37m[1m[2026-08-31 12:26:44,170] [INFO] utils:     module: trainers.alda_trainer[0m
2026-08-31 12:26:44,170 [INFO] utils:     config:
[37m[1m[2026-08-31 12:26:44,170] [INFO] utils:     config:[0m
2026-08-31 12:26:44,171 [INFO] utils:         batch_size       : 128
[37m[1m[2026-08-31 12:26:44,171] [INFO] utils:         batch_size       : 128[0m
2026-08-31 12:26:44,171 [INFO] utils:         beta             : 100
[37m[1m[2026-08-31 12:26:44,171] [INFO] utils:         beta             : 100[0m
2026-08-31 12:26:44,171 [INFO] utils:         debug            : False
[37m[1m[2026-08-31 12:26:44,171] [INFO] utils:         debug            : False[0m
2026-08-31 12:26:44,171 [INFO] utils:         device           : cuda:0
[37m[1m[2026-08-31 12:26:44,171] [INFO] utils:         device           : cuda:0[0m
2026-08-31 12:26:44,171 [INFO] utils:         exp_dir          : results/alda_robosuite_door/seed_1
[37m[1m[2026-08-31 12:26:44,171] [INFO] utils:         exp_dir          : results/alda_robosuite_door/seed_1[0m
2026-08-31 12:26:44,172 [INFO] utils:         n_train_steps    : 5000
[37m[1m[2026-08-31 12:26:44,172] [INFO] utils:         n_train_steps    : 5000[0m
2026-08-31 12:26:44,172 [INFO] utils:         num_latents      : 12
[37m[1m[2026-08-31 12:26:44,172] [INFO] utils:         num_latents      : 12[0m
2026-08-31 12:26:44,172 [INFO] utils:         seed             : 1
[37m[1m[2026-08-31 12:26:44,172] [INFO] utils:         seed             : 1[0m
2026-08-31 12:26:44,172 [INFO] utils:         use_wandb        : False
[37m[1m[2026-08-31 12:26:44,172] [INFO] utils:         use_wandb        : False[0m
2026-08-31 12:26:44,172 [INFO] utils:         values_per_latent: 12
[37m[1m[2026-08-31 12:26:44,172] [INFO] utils:         values_per_latent: 12[0m
2026-08-31 12:26:44,172 [INFO] utils:         env:
[37m[1m[2026-08-31 12:26:44,172] [INFO] utils:         env:[0m
2026-08-31 12:26:44,173 [INFO] utils:             action_repeat : 1
[37m[1m[2026-08-31 12:26:44,173] [INFO] utils:             action_repeat : 1[0m
2026-08-31 12:26:44,173 [INFO] utils:             domain_name   : robosuite
[37m[1m[2026-08-31 12:26:44,173] [INFO] utils:             domain_name   : robosuite[0m
2026-08-31 12:26:44,173 [INFO] utils:             episode_length: 500
[37m[1m[2026-08-31 12:26:44,173] [INFO] utils:             episode_length: 500[0m
2026-08-31 12:26:44,173 [INFO] utils:             frame_stack   : 3
[37m[1m[2026-08-31 12:26:44,173] [INFO] utils:             frame_stack   : 3[0m
2026-08-31 12:26:44,173 [INFO] utils:             scene_id      : 0
[37m[1m[2026-08-31 12:26:44,173] [INFO] utils:             scene_id      : 0[0m
2026-08-31 12:26:44,173 [INFO] utils:             task_name     : Door
[37m[1m[2026-08-31 12:26:44,173] [INFO] utils:             task_name     : Door[0m
2026-08-31 12:26:44,174 [INFO] utils: -----------------
[37m[1m[2026-08-31 12:26:44,174] [INFO] utils: -----------------[0m
Gym has been unmaintained since 2022 and does not support NumPy 2.0 amongst other critical functionality.
Please upgrade to Gymnasium, the maintained drop-in replacement of Gym, or contact the authors of your software and request that they upgrade.
See the migration guide at https://gymnasium.farama.org/introduction/migration_guide/ for additional information.
Traceback (most recent call last):
  File "/tmp/w/runnable/alda/scripts/train.py", line 132, in <module>
    main()
  File "/tmp/w/runnable/alda/scripts/train.py", line 113, in main
    trainer = create_instance_from_spec(spec['trainer'], name=spec['name'])
  File "/tmp/w/runnable/alda/common/utils.py", line 100, in create_instance_from_spec
    module = importlib.import_module(module_name)
  File "/usr/lib/python3.10/importlib/__init__.py", line 126, in import_module
    return _bootstrap._gcd_import(name[level:], package, level)
  File "<frozen importlib._bootstrap>", line 1050, in _gcd_import
  File "<frozen importlib._bootstrap>", line 1027, in _find_and_load
  File "<frozen importlib._bootstrap>", line 1006, in _find_and_load_unlocked
  File "<frozen importlib._bootstrap>", line 688, in _load_unlocked
  File "<frozen importlib._bootstrap_external>", line 883, in exec_module
  File "<frozen importlib._bootstrap>", line 241, in _call_with_frames_removed
  File "/tmp/w/runnable/alda/trainers/alda_trainer.py", line 8, in <module>
    import einops
ModuleNotFoundError: No module named 'einops'
ALDA probe completed in 3s

=== 12. Package Artifacts & Telemetry Logs (t+747s) ===
