No protocol specified
No protocol specified
No protocol specified
logger: logging to /tmp/ppg
Gym has been unmaintained since 2022 and does not support NumPy 2.0 amongst other critical functionality.
Please upgrade to Gymnasium, the maintained drop-in replacement of Gym, or contact the authors of your software and request that they upgrade.
See the migration guide at https://gymnasium.farama.org/introduction/migration_guide/ for additional information.
/tmp/w/RL-ViGen-upstream/third_party/robosuite/robosuite/__init__.py:7: DeprecationWarning: The 'warn' method is deprecated, use 'warning' instead
  ROBOSUITE_DEFAULT_LOGGER.warn("No private macro file found!")
[robosuite WARNING] No private macro file found! (__init__.py:7)
[robosuite WARNING] It is recommended to use a private macro file (__init__.py:8)
[robosuite WARNING] To setup, run: python /tmp/w/RL-ViGen-upstream/third_party/robosuite/robosuite/scripts/setup_macros.py (__init__.py:9)
Now the mode is train
                                     path          shape   numel   pct     std
aux_vf_head                                                  257   0.0        
aux_vf_head.bias                                    (1,)       1   0.0     nan
aux_vf_head.weight                              (1, 256)     256   0.0 0.00623
pi_enc                                                    622144  49.9        
pi_enc.cnn                                                622144  49.9        
pi_enc.cnn.dense                                          524544  42.1        
pi_enc.cnn.dense.bias                             (256,)     256   0.0 0.00000
pi_enc.cnn.dense.weight                      (256, 2048)  524288  42.1 0.03094
pi_enc.cnn.stacks                                          97600   7.8        
pi_enc.cnn.stacks.0                                         9728   0.8        
pi_enc.cnn.stacks.0.blocks                                  9280   0.7        
pi_enc.cnn.stacks.0.blocks.0                                4640   0.4        
pi_enc.cnn.stacks.0.blocks.0.conv0                          2320   0.2        
pi_enc.cnn.stacks.0.blocks.0.conv0.bias            (16,)      16   0.0 0.00000
pi_enc.cnn.stacks.0.blocks.0.conv0.weight (16, 16, 3, 3)    2304   0.2 0.05325
pi_enc.cnn.stacks.0.blocks.0.conv1                          2320   0.2        
pi_enc.cnn.stacks.0.blocks.0.conv1.bias            (16,)      16   0.0 0.00000
pi_enc.cnn.stacks.0.blocks.0.conv1.weight (16, 16, 3, 3)    2304   0.2 0.05319
pi_enc.cnn.stacks.0.blocks.1                                4640   0.4        
pi_enc.cnn.stacks.0.blocks.1.conv0                          2320   0.2        
pi_enc.cnn.stacks.0.blocks.1.conv0.bias            (16,)      16   0.0 0.00000
pi_enc.cnn.stacks.0.blocks.1.conv0.weight (16, 16, 3, 3)    2304   0.2 0.05326
pi_enc.cnn.stacks.0.blocks.1.conv1                          2320   0.2        
pi_enc.cnn.stacks.0.blocks.1.conv1.bias            (16,)      16   0.0 0.00000
pi_enc.cnn.stacks.0.blocks.1.conv1.weight (16, 16, 3, 3)    2304   0.2 0.05325
pi_enc.cnn.stacks.0.firstconv                                448   0.0        
pi_enc.cnn.stacks.0.firstconv.bias                 (16,)      16   0.0 0.00000
pi_enc.cnn.stacks.0.firstconv.weight       (16, 3, 3, 3)     432   0.0 0.19254
pi_enc.cnn.stacks.1                                        41632   3.3        
pi_enc.cnn.stacks.1.blocks                                 36992   3.0        
pi_enc.cnn.stacks.1.blocks.0                               18496   1.5        
pi_enc.cnn.stacks.1.blocks.0.conv0                          9248   0.7        
pi_enc.cnn.stacks.1.blocks.0.conv0.bias            (32,)      32   0.0 0.00000
pi_enc.cnn.stacks.1.blocks.0.conv0.weight (32, 32, 3, 3)    9216   0.7 0.03765
pi_enc.cnn.stacks.1.blocks.0.conv1                          9248   0.7        
pi_enc.cnn.stacks.1.blocks.0.conv1.bias            (32,)      32   0.0 0.00000
pi_enc.cnn.stacks.1.blocks.0.conv1.weight (32, 32, 3, 3)    9216   0.7 0.03765
pi_enc.cnn.stacks.1.blocks.1                               18496   1.5        
pi_enc.cnn.stacks.1.blocks.1.conv0                          9248   0.7        
pi_enc.cnn.stacks.1.blocks.1.conv0.bias            (32,)      32   0.0 0.00000
pi_enc.cnn.stacks.1.blocks.1.conv0.weight (32, 32, 3, 3)    9216   0.7 0.03765
pi_enc.cnn.stacks.1.blocks.1.conv1                          9248   0.7        
pi_enc.cnn.stacks.1.blocks.1.conv1.bias            (32,)      32   0.0 0.00000
pi_enc.cnn.stacks.1.blocks.1.conv1.weight (32, 32, 3, 3)    9216   0.7 0.03765
pi_enc.cnn.stacks.1.firstconv                               4640   0.4        
pi_enc.cnn.stacks.1.firstconv.bias                 (32,)      32   0.0 0.00000
pi_enc.cnn.stacks.1.firstconv.weight      (32, 16, 3, 3)    4608   0.4 0.08334
pi_enc.cnn.stacks.2                                        46240   3.7        
pi_enc.cnn.stacks.2.blocks                                 36992   3.0        
pi_enc.cnn.stacks.2.blocks.0                               18496   1.5        
pi_enc.cnn.stacks.2.blocks.0.conv0                          9248   0.7        
pi_enc.cnn.stacks.2.blocks.0.conv0.bias            (32,)      32   0.0 0.00000
pi_enc.cnn.stacks.2.blocks.0.conv0.weight (32, 32, 3, 3)    9216   0.7 0.03765
pi_enc.cnn.stacks.2.blocks.0.conv1                          9248   0.7        
pi_enc.cnn.stacks.2.blocks.0.conv1.bias            (32,)      32   0.0 0.00000
pi_enc.cnn.stacks.2.blocks.0.conv1.weight (32, 32, 3, 3)    9216   0.7 0.03765
pi_enc.cnn.stacks.2.blocks.1                               18496   1.5        
pi_enc.cnn.stacks.2.blocks.1.conv0                          9248   0.7        
pi_enc.cnn.stacks.2.blocks.1.conv0.bias            (32,)      32   0.0 0.00000
pi_enc.cnn.stacks.2.blocks.1.conv0.weight (32, 32, 3, 3)    9216   0.7 0.03765
pi_enc.cnn.stacks.2.blocks.1.conv1                          9248   0.7        
pi_enc.cnn.stacks.2.blocks.1.conv1.bias            (32,)      32   0.0 0.00000
pi_enc.cnn.stacks.2.blocks.1.conv1.weight (32, 32, 3, 3)    9216   0.7 0.03765
pi_enc.cnn.stacks.2.firstconv                               9248   0.7        
pi_enc.cnn.stacks.2.firstconv.bias                 (32,)      32   0.0 0.00000
pi_enc.cnn.stacks.2.firstconv.weight      (32, 32, 3, 3)    9216   0.7 0.05893
pi_head                                                     1799   0.1        
pi_head.bias                                        (7,)       7   0.0 0.00000
pi_head.weight                                  (7, 256)    1792   0.1 0.00625
pi_logstd                                           (7,)       7   0.0 0.00000
vf_enc                                                    622144  49.9        
vf_enc.cnn                                                622144  49.9        
vf_enc.cnn.dense                                          524544  42.1        
vf_enc.cnn.dense.bias                             (256,)     256   0.0 0.00000
vf_enc.cnn.dense.weight                      (256, 2048)  524288  42.1 0.03094
vf_enc.cnn.stacks                                          97600   7.8        
vf_enc.cnn.stacks.0                                         9728   0.8        
vf_enc.cnn.stacks.0.blocks                                  9280   0.7        
vf_enc.cnn.stacks.0.blocks.0                                4640   0.4        
vf_enc.cnn.stacks.0.blocks.0.conv0                          2320   0.2        
vf_enc.cnn.stacks.0.blocks.0.conv0.bias            (16,)      16   0.0 0.00000
vf_enc.cnn.stacks.0.blocks.0.conv0.weight (16, 16, 3, 3)    2304   0.2 0.05325
vf_enc.cnn.stacks.0.blocks.0.conv1                          2320   0.2        
vf_enc.cnn.stacks.0.blocks.0.conv1.bias            (16,)      16   0.0 0.00000
vf_enc.cnn.stacks.0.blocks.0.conv1.weight (16, 16, 3, 3)    2304   0.2 0.05326
vf_enc.cnn.stacks.0.blocks.1                                4640   0.4        
vf_enc.cnn.stacks.0.blocks.1.conv0                          2320   0.2        
vf_enc.cnn.stacks.0.blocks.1.conv0.bias            (16,)      16   0.0 0.00000
vf_enc.cnn.stacks.0.blocks.1.conv0.weight (16, 16, 3, 3)    2304   0.2 0.05325
vf_enc.cnn.stacks.0.blocks.1.conv1                          2320   0.2        
vf_enc.cnn.stacks.0.blocks.1.conv1.bias            (16,)      16   0.0 0.00000
vf_enc.cnn.stacks.0.blocks.1.conv1.weight (16, 16, 3, 3)    2304   0.2 0.05325
vf_enc.cnn.stacks.0.firstconv                                448   0.0        
vf_enc.cnn.stacks.0.firstconv.bias                 (16,)      16   0.0 0.00000
vf_enc.cnn.stacks.0.firstconv.weight       (16, 3, 3, 3)     432   0.0 0.19226
vf_enc.cnn.stacks.1                                        41632   3.3        
vf_enc.cnn.stacks.1.blocks                                 36992   3.0        
vf_enc.cnn.stacks.1.blocks.0                               18496   1.5        
vf_enc.cnn.stacks.1.blocks.0.conv0                          9248   0.7        
vf_enc.cnn.stacks.1.blocks.0.conv0.bias            (32,)      32   0.0 0.00000
vf_enc.cnn.stacks.1.blocks.0.conv0.weight (32, 32, 3, 3)    9216   0.7 0.03765
vf_enc.cnn.stacks.1.blocks.0.conv1                          9248   0.7        
vf_enc.cnn.stacks.1.blocks.0.conv1.bias            (32,)      32   0.0 0.00000
vf_enc.cnn.stacks.1.blocks.0.conv1.weight (32, 32, 3, 3)    9216   0.7 0.03765
vf_enc.cnn.stacks.1.blocks.1                               18496   1.5        
vf_enc.cnn.stacks.1.blocks.1.conv0                          9248   0.7        
vf_enc.cnn.stacks.1.blocks.1.conv0.bias            (32,)      32   0.0 0.00000
vf_enc.cnn.stacks.1.blocks.1.conv0.weight (32, 32, 3, 3)    9216   0.7 0.03765
vf_enc.cnn.stacks.1.blocks.1.conv1                          9248   0.7        
vf_enc.cnn.stacks.1.blocks.1.conv1.bias            (32,)      32   0.0 0.00000
vf_enc.cnn.stacks.1.blocks.1.conv1.weight (32, 32, 3, 3)    9216   0.7 0.03765
vf_enc.cnn.stacks.1.firstconv                               4640   0.4        
vf_enc.cnn.stacks.1.firstconv.bias                 (32,)      32   0.0 0.00000
vf_enc.cnn.stacks.1.firstconv.weight      (32, 16, 3, 3)    4608   0.4 0.08334
vf_enc.cnn.stacks.2                                        46240   3.7        
vf_enc.cnn.stacks.2.blocks                                 36992   3.0        
vf_enc.cnn.stacks.2.blocks.0                               18496   1.5        
vf_enc.cnn.stacks.2.blocks.0.conv0                          9248   0.7        
vf_enc.cnn.stacks.2.blocks.0.conv0.bias            (32,)      32   0.0 0.00000
vf_enc.cnn.stacks.2.blocks.0.conv0.weight (32, 32, 3, 3)    9216   0.7 0.03765
vf_enc.cnn.stacks.2.blocks.0.conv1                          9248   0.7        
vf_enc.cnn.stacks.2.blocks.0.conv1.bias            (32,)      32   0.0 0.00000
vf_enc.cnn.stacks.2.blocks.0.conv1.weight (32, 32, 3, 3)    9216   0.7 0.03765
vf_enc.cnn.stacks.2.blocks.1                               18496   1.5        
vf_enc.cnn.stacks.2.blocks.1.conv0                          9248   0.7        
vf_enc.cnn.stacks.2.blocks.1.conv0.bias            (32,)      32   0.0 0.00000
vf_enc.cnn.stacks.2.blocks.1.conv0.weight (32, 32, 3, 3)    9216   0.7 0.03765
vf_enc.cnn.stacks.2.blocks.1.conv1                          9248   0.7        
vf_enc.cnn.stacks.2.blocks.1.conv1.bias            (32,)      32   0.0 0.00000
vf_enc.cnn.stacks.2.blocks.1.conv1.weight (32, 32, 3, 3)    9216   0.7 0.03765
vf_enc.cnn.stacks.2.firstconv                               9248   0.7        
vf_enc.cnn.stacks.2.firstconv.bias                 (32,)      32   0.0 0.00000
vf_enc.cnn.stacks.2.firstconv.weight      (32, 32, 3, 3)    9216   0.7 0.05893
vf_vhead                                                     257   0.0        
vf_vhead.bias                                       (1,)       1   0.0     nan
vf_vhead.weight                                 (1, 256)     256   0.0 0.00626
~total                                                   1246608 100.0        
Saving to  /tmp/ppg/model.jd IC=0
Warning: nminibatch > ntrain!! (8 > 1)
parameter 'aux_vf_head.weight' torch.Size([1, 256]) has no gradient for 'PPO'
parameter 'aux_vf_head.bias' torch.Size([1]) has no gradient for 'PPO'
     entropy |       negent |           pg |        pi_kl |     clipfrac |     approxkl | approx_kl_k3 |      loss_pi |      loss_vf
     9.93257 |     -0.09933 |    -6.44e-06 |      0.00000 |      0.00000 |     4.25e-09 |     1.07e-08 |     -0.09933 |      0.35199
RCALL_LOGDIR:  /tmp/ppg
----------------------------------
| CpuMaxMemory       | 2.16e+09  |
| del_time           | 4.99      |
| EpLenMean          | nan       |
| EpRewMean          | nan       |
| EpSuccessMean      | nan       |
| GpuMaxMemory       | 6.66e+08  |
| IPS_total          | 51.3      |
| Iter               | 0         |
| Misc/FrameRewMean  | 0.0384    |
| Misc/InteractCount | 256       |
| Misc/TimeElapsed   | 4.99      |
| Opt/approx_kl_k3   | 1.07e-08  |
| Opt/approxkl       | 4.25e-09  |
| Opt/clipfrac       | 0         |
| Opt/entropy        | 9.93      |
| Opt/loss_pi        | -0.0993   |
| Opt/loss_vf        | 0.352     |
| Opt/negent         | -0.0993   |
| Opt/pg             | -6.44e-06 |
| Opt/pi_kl          | 0         |
| VFStats/AdvMean    | 0.663     |
| VFStats/AdvStd     | 0.515     |
| VFStats/EV         | -0.00501  |
| VFStats/VpredMean  | -0.0308   |
| VFStats/VpredStd   | 0.0039    |
| VFStats/VtargMean  | 0.632     |
| VFStats/VtargStd   | 0.514     |
| wait_optimization  | 0.494     |
----------------------------------
Warning: nminibatch > ntrain!! (8 > 1)
     entropy |       negent |           pg |        pi_kl |     clipfrac |     approxkl | approx_kl_k3 |      loss_pi |      loss_vf
     9.93007 |     -0.09930 |     2.46e-06 |      0.00000 |      0.00000 |     2.51e-09 |     1.09e-08 |     -0.09930 |      0.18393
RCALL_LOGDIR:  /tmp/ppg
---------------------------------
| CpuMaxMemory       | 2.16e+09 |
| del_time           | 4.3      |
| EpLenMean          | 500      |
| EpRewMean          | 1.18     |
| EpSuccessMean      | 0        |
| GpuMaxMemory       | 6.81e+08 |
| IPS_total          | 59.6     |
| Iter               | 1        |
| Misc/FrameRewMean  | 0.0342   |
| Misc/InteractCount | 512      |
| Misc/TimeElapsed   | 9.29     |
| Opt/approx_kl_k3   | 1.09e-08 |
| Opt/approxkl       | 2.51e-09 |
| Opt/clipfrac       | 0        |
| Opt/entropy        | 9.93     |
| Opt/loss_pi        | -0.0993  |
| Opt/loss_vf        | 0.184    |
| Opt/negent         | -0.0993  |
| Opt/pg             | 2.46e-06 |
| Opt/pi_kl          | 0        |
| VFStats/AdvMean    | 0.583    |
| VFStats/AdvStd     | 0.169    |
| VFStats/EV         | 0.00787  |
| VFStats/VpredMean  | 0.226    |
| VFStats/VpredStd   | 0.00262  |
| VFStats/VtargMean  | 0.809    |
| VFStats/VtargStd   | 0.17     |
| wait_optimization  | 0.0284   |
---------------------------------
Warning: nminibatch > ntrain!! (8 > 1)
     entropy |       negent |           pg |        pi_kl |     clipfrac |     approxkl | approx_kl_k3 |      loss_pi |      loss_vf
     9.92862 |     -0.09929 |     1.58e-06 |      0.00000 |      0.00000 |     3.08e-09 |     1.09e-08 |     -0.09928 |      0.29916
RCALL_LOGDIR:  /tmp/ppg
---------------------------------
| CpuMaxMemory       | 2.16e+09 |
| del_time           | 4.06     |
| EpLenMean          | 500      |
| EpRewMean          | 1.18     |
| EpSuccessMean      | 0        |
| GpuMaxMemory       | 6.81e+08 |
| IPS_total          | 63.1     |
| Iter               | 2        |
| Misc/FrameRewMean  | 0.0383   |
| Misc/InteractCount | 768      |
| Misc/TimeElapsed   | 13.3     |
| Opt/approx_kl_k3   | 1.09e-08 |
| Opt/approxkl       | 3.08e-09 |
| Opt/clipfrac       | 0        |
| Opt/entropy        | 9.93     |
| Opt/loss_pi        | -0.0993  |
| Opt/loss_vf        | 0.299    |
| Opt/negent         | -0.0993  |
| Opt/pg             | 1.58e-06 |
| Opt/pi_kl          | 0        |
| VFStats/AdvMean    | 0.669    |
| VFStats/AdvStd     | 0.389    |
| VFStats/EV         | -0.022   |
| VFStats/VpredMean  | 0.511    |
| VFStats/VpredStd   | 0.0117   |
| VFStats/VtargMean  | 1.18     |
| VFStats/VtargStd   | 0.384    |
| wait_optimization  | 0.0285   |
---------------------------------
Warning: nminibatch > ntrain!! (8 > 1)
     entropy |       negent |           pg |        pi_kl |     clipfrac |     approxkl | approx_kl_k3 |      loss_pi |      loss_vf
     9.92790 |     -0.09928 |     1.36e-05 |      0.00000 |      0.00000 |     6.27e-09 |     1.70e-08 |     -0.09927 |      0.15397
RCALL_LOGDIR:  /tmp/ppg
---------------------------------
| CpuMaxMemory       | 2.17e+09 |
| del_time           | 4.02     |
| EpLenMean          | 500      |
| EpRewMean          | 3.08     |
| EpSuccessMean      | 0        |
| GpuMaxMemory       | 6.81e+08 |
| IPS_total          | 63.6     |
| Iter               | 3        |
| Misc/FrameRewMean  | 0.026    |
| Misc/InteractCount | 1.02e+03 |
| Misc/TimeElapsed   | 17.4     |
| Opt/approx_kl_k3   | 1.7e-08  |
| Opt/approxkl       | 6.27e-09 |
| Opt/clipfrac       | 0        |
| Opt/entropy        | 9.93     |
| Opt/loss_pi        | -0.0993  |
| Opt/loss_vf        | 0.154    |
| Opt/negent         | -0.0993  |
| Opt/pg             | 1.36e-05 |
| Opt/pi_kl          | 0        |
| VFStats/AdvMean    | 0.373    |
| VFStats/AdvStd     | 0.412    |
| VFStats/EV         | -0.0415  |
| VFStats/VpredMean  | 0.975    |
| VFStats/VpredStd   | 0.0212   |
| VFStats/VtargMean  | 1.35     |
| VFStats/VtargStd   | 0.403    |
| wait_optimization  | 0.0284   |
---------------------------------
Warning: nminibatch > ntrain!! (8 > 1)
     entropy |       negent |           pg |        pi_kl |     clipfrac |     approxkl | approx_kl_k3 |      loss_pi |      loss_vf
     9.92694 |     -0.09927 |     8.29e-06 |      0.00000 |      0.00000 |     5.42e-09 |     1.47e-08 |     -0.09926 |      0.11494
RCALL_LOGDIR:  /tmp/ppg
---------------------------------
| CpuMaxMemory       | 2.17e+09 |
| del_time           | 4.06     |
| EpLenMean          | 500      |
| EpRewMean          | 3.08     |
| EpSuccessMean      | 0        |
| GpuMaxMemory       | 6.81e+08 |
| IPS_total          | 63       |
| Iter               | 4        |
| Misc/FrameRewMean  | 0.018    |
| Misc/InteractCount | 1.28e+03 |
| Misc/TimeElapsed   | 21.4     |
| Opt/approx_kl_k3   | 1.47e-08 |
| Opt/approxkl       | 5.42e-09 |
| Opt/clipfrac       | 0        |
| Opt/entropy        | 9.93     |
| Opt/loss_pi        | -0.0993  |
| Opt/loss_vf        | 0.115    |
| Opt/negent         | -0.0993  |
| Opt/pg             | 8.29e-06 |
| Opt/pi_kl          | 0        |
| VFStats/AdvMean    | 0.321    |
| VFStats/AdvStd     | 0.357    |
| VFStats/EV         | 0.0762   |
| VFStats/VpredMean  | 1.71     |
| VFStats/VpredStd   | 0.049    |
| VFStats/VtargMean  | 2.03     |
| VFStats/VtargStd   | 0.372    |
| wait_optimization  | 0.0286   |
---------------------------------
Warning: nminibatch > ntrain!! (8 > 1)
     entropy |       negent |           pg |        pi_kl |     clipfrac |     approxkl | approx_kl_k3 |      loss_pi |      loss_vf
     9.92580 |     -0.09926 |     6.30e-06 |      0.00000 |      0.00000 |     4.98e-09 |     1.40e-08 |     -0.09925 |      0.20552
RCALL_LOGDIR:  /tmp/ppg
---------------------------------
| CpuMaxMemory       | 2.17e+09 |
| del_time           | 4.05     |
| EpLenMean          | 500      |
| EpRewMean          | 3.47     |
| EpSuccessMean      | 0        |
| GpuMaxMemory       | 6.81e+08 |
| IPS_total          | 63.3     |
| Iter               | 5        |
| Misc/FrameRewMean  | 0.0246   |
| Misc/InteractCount | 1.54e+03 |
| Misc/TimeElapsed   | 25.5     |
| Opt/approx_kl_k3   | 1.4e-08  |
| Opt/approxkl       | 4.98e-09 |
| Opt/clipfrac       | 0        |
| Opt/entropy        | 9.93     |
| Opt/loss_pi        | -0.0993  |
| Opt/loss_vf        | 0.206    |
| Opt/negent         | -0.0993  |
| Opt/pg             | 6.3e-06  |
| Opt/pi_kl          | 0        |
| VFStats/AdvMean    | 0.164    |
| VFStats/AdvStd     | 0.621    |
| VFStats/EV         | 0.00888  |
| VFStats/VpredMean  | 2.93     |
| VFStats/VpredStd   | 0.061    |
| VFStats/VtargMean  | 3.09     |
| VFStats/VtargStd   | 0.624    |
| wait_optimization  | 0.0284   |
---------------------------------
Warning: nminibatch > ntrain!! (8 > 1)
     entropy |       negent |           pg |        pi_kl |     clipfrac |     approxkl | approx_kl_k3 |      loss_pi |      loss_vf
     9.92531 |     -0.09925 |    -4.99e-06 |      0.00000 |      0.00000 |     5.00e-09 |     1.14e-08 |     -0.09926 |      0.00702
RCALL_LOGDIR:  /tmp/ppg
----------------------------------
| CpuMaxMemory       | 2.18e+09  |
| del_time           | 4.08      |
| EpLenMean          | 500       |
| EpRewMean          | 3.47      |
| EpSuccessMean      | 0         |
| GpuMaxMemory       | 6.81e+08  |
| IPS_total          | 62.8      |
| Iter               | 6         |
| Misc/FrameRewMean  | 0.00643   |
| Misc/InteractCount | 1.79e+03  |
| Misc/TimeElapsed   | 29.6      |
| Opt/approx_kl_k3   | 1.14e-08  |
| Opt/approxkl       | 5e-09     |
| Opt/clipfrac       | 0         |
| Opt/entropy        | 9.93      |
| Opt/loss_pi        | -0.0993   |
| Opt/loss_vf        | 0.00702   |
| Opt/negent         | -0.0993   |
| Opt/pg             | -4.99e-06 |
| Opt/pi_kl          | 0         |
| VFStats/AdvMean    | 0.0401    |
| VFStats/AdvStd     | 0.112     |
| VFStats/EV         | 0.454     |
| VFStats/VpredMean  | 4.8       |
| VFStats/VpredStd   | 0.188     |
| VFStats/VtargMean  | 4.84      |
| VFStats/VtargStd   | 0.151     |
| wait_optimization  | 0.0283    |
----------------------------------
Warning: nminibatch > ntrain!! (8 > 1)
     entropy |       negent |           pg |        pi_kl |     clipfrac |     approxkl | approx_kl_k3 |      loss_pi |      loss_vf
     9.92553 |     -0.09926 |    -5.00e-06 |      0.00000 |      0.00000 |     8.47e-09 |     1.70e-08 |     -0.09926 |      1.59490
RCALL_LOGDIR:  /tmp/ppg
---------------------------------
| CpuMaxMemory       | 2.18e+09 |
| del_time           | 4.06     |
| EpLenMean          | 500      |
| EpRewMean          | 2.9      |
| EpSuccessMean      | 0        |
| GpuMaxMemory       | 6.81e+08 |
| IPS_total          | 63       |
| Iter               | 7        |
| Misc/FrameRewMean  | 0.0145   |
| Misc/InteractCount | 2.05e+03 |
| Misc/TimeElapsed   | 33.6     |
| Opt/approx_kl_k3   | 1.7e-08  |
| Opt/approxkl       | 8.47e-09 |
| Opt/clipfrac       | 0        |
| Opt/entropy        | 9.93     |
| Opt/loss_pi        | -0.0993  |
| Opt/loss_vf        | 1.59     |
| Opt/negent         | -0.0993  |
| Opt/pg             | -5e-06   |
| Opt/pi_kl          | 0        |
| VFStats/AdvMean    | -0.576   |
| VFStats/AdvStd     | 1.69     |
| VFStats/EV         | -0.11    |
| VFStats/VpredMean  | 8.59     |
| VFStats/VpredStd   | 0.234    |
| VFStats/VtargMean  | 8.01     |
| VFStats/VtargStd   | 1.61     |
| wait_optimization  | 0.0283   |
---------------------------------
Warning: nminibatch > ntrain!! (8 > 1)
     entropy |       negent |           pg |        pi_kl |     clipfrac |     approxkl | approx_kl_k3 |      loss_pi |      loss_vf
     9.92570 |     -0.09926 |    -1.83e-06 |      0.00000 |      0.00000 |     1.69e-09 |     9.78e-09 |     -0.09926 |      0.06472
RCALL_LOGDIR:  /tmp/ppg
----------------------------------
| CpuMaxMemory       | 2.18e+09  |
| del_time           | 4.07      |
| EpLenMean          | 500       |
| EpRewMean          | 2.9       |
| EpSuccessMean      | 0         |
| GpuMaxMemory       | 6.81e+08  |
| IPS_total          | 62.9      |
| Iter               | 8         |
| Misc/FrameRewMean  | 0.0237    |
| Misc/InteractCount | 2.3e+03   |
| Misc/TimeElapsed   | 37.7      |
| Opt/approx_kl_k3   | 9.78e-09  |
| Opt/approxkl       | 1.69e-09  |
| Opt/clipfrac       | 0         |
| Opt/entropy        | 9.93      |
| Opt/loss_pi        | -0.0993   |
| Opt/loss_vf        | 0.0647    |
| Opt/negent         | -0.0993   |
| Opt/pg             | -1.83e-06 |
| Opt/pi_kl          | 0         |
| VFStats/AdvMean    | 0.291     |
| VFStats/AdvStd     | 0.212     |
| VFStats/EV         | -0.00587  |
| VFStats/VpredMean  | 6.88      |
| VFStats/VpredStd   | 0.164     |
| VFStats/VtargMean  | 7.17      |
| VFStats/VtargStd   | 0.211     |
| wait_optimization  | 0.0285    |
----------------------------------
Warning: nminibatch > ntrain!! (8 > 1)
     entropy |       negent |           pg |        pi_kl |     clipfrac |     approxkl | approx_kl_k3 |      loss_pi |      loss_vf
     9.92592 |     -0.09926 |    -2.89e-06 |      0.00000 |      0.00000 |     1.91e-09 |     7.22e-09 |     -0.09926 |      0.82388
RCALL_LOGDIR:  /tmp/ppg
----------------------------------
| CpuMaxMemory       | 2.19e+09  |
| del_time           | 4.05      |
| EpLenMean          | 500       |
| EpRewMean          | 3.48      |
| EpSuccessMean      | 0         |
| GpuMaxMemory       | 6.81e+08  |
| IPS_total          | 63.3      |
| Iter               | 9         |
| Misc/FrameRewMean  | 0.0268    |
| Misc/InteractCount | 2.56e+03  |
| Misc/TimeElapsed   | 41.7      |
| Opt/approx_kl_k3   | 7.22e-09  |
| Opt/approxkl       | 1.91e-09  |
| Opt/clipfrac       | 0         |
| Opt/entropy        | 9.93      |
| Opt/loss_pi        | -0.0993   |
| Opt/loss_vf        | 0.824     |
| Opt/negent         | -0.0993   |
| Opt/pg             | -2.89e-06 |
| Opt/pi_kl          | 0         |
| VFStats/AdvMean    | -0.143    |
| VFStats/AdvStd     | 1.28      |
| VFStats/EV         | 0.0231    |
| VFStats/VpredMean  | 6.58      |
| VFStats/VpredStd   | 0.222     |
| VFStats/VtargMean  | 6.43      |
| VFStats/VtargStd   | 1.29      |
| wait_optimization  | 0.0283    |
----------------------------------
Warning: nminibatch > ntrain!! (8 > 1)
     entropy |       negent |           pg |        pi_kl |     clipfrac |     approxkl | approx_kl_k3 |      loss_pi |      loss_vf
     9.92613 |     -0.09926 |    -2.78e-06 |      0.00000 |      0.00000 |     8.52e-10 |     5.36e-09 |     -0.09926 |      0.30718
RCALL_LOGDIR:  /tmp/ppg
----------------------------------
| CpuMaxMemory       | 2.19e+09  |
| del_time           | 4.06      |
| EpLenMean          | 500       |
| EpRewMean          | 3.48      |
| EpSuccessMean      | 0         |
| GpuMaxMemory       | 6.81e+08  |
| IPS_total          | 63        |
| Iter               | 10        |
| Misc/FrameRewMean  | 0.0394    |
| Misc/InteractCount | 2.82e+03  |
| Misc/TimeElapsed   | 45.8      |
| Opt/approx_kl_k3   | 5.36e-09  |
| Opt/approxkl       | 8.52e-10  |
| Opt/clipfrac       | 0         |
| Opt/entropy        | 9.93      |
| Opt/loss_pi        | -0.0993   |
| Opt/loss_vf        | 0.307     |
| Opt/negent         | -0.0993   |
| Opt/pg             | -2.78e-06 |
| Opt/pi_kl          | 0         |
| VFStats/AdvMean    | 0.63      |
| VFStats/AdvStd     | 0.467     |
| VFStats/EV         | 0.175     |
| VFStats/VpredMean  | 5.79      |
| VFStats/VpredStd   | 0.103     |
| VFStats/VtargMean  | 6.42      |
| VFStats/VtargStd   | 0.514     |
| wait_optimization  | 0.0286    |
----------------------------------
Warning: nminibatch > ntrain!! (8 > 1)
     entropy |       negent |           pg |        pi_kl |     clipfrac |     approxkl | approx_kl_k3 |      loss_pi |      loss_vf
     9.92657 |     -0.09927 |    -4.47e-08 |      0.00000 |      0.00000 |     4.80e-09 |     1.42e-08 |     -0.09927 |      0.74742
RCALL_LOGDIR:  /tmp/ppg
----------------------------------
| CpuMaxMemory       | 2.19e+09  |
| del_time           | 4.16      |
| EpLenMean          | 500       |
| EpRewMean          | 3.95      |
| EpSuccessMean      | 0         |
| GpuMaxMemory       | 6.81e+08  |
| IPS_total          | 61.6      |
| Iter               | 11        |
| Misc/FrameRewMean  | 0.00493   |
| Misc/InteractCount | 3.07e+03  |
| Misc/TimeElapsed   | 50        |
| Opt/approx_kl_k3   | 1.42e-08  |
| Opt/approxkl       | 4.8e-09   |
| Opt/clipfrac       | 0         |
| Opt/entropy        | 9.93      |
| Opt/loss_pi        | -0.0993   |
| Opt/loss_vf        | 0.747     |
| Opt/negent         | -0.0993   |
| Opt/pg             | -4.47e-08 |
| Opt/pi_kl          | 0         |
| VFStats/AdvMean    | -0.51     |
| VFStats/AdvStd     | 1.11      |
| VFStats/EV         | 0.0596    |
| VFStats/VpredMean  | 6.14      |
| VFStats/VpredStd   | 0.0862    |
| VFStats/VtargMean  | 5.63      |
| VFStats/VtargStd   | 1.15      |
| wait_optimization  | 0.0284    |
----------------------------------
Warning: nminibatch > ntrain!! (8 > 1)
     entropy |       negent |           pg |        pi_kl |     clipfrac |     approxkl | approx_kl_k3 |      loss_pi |      loss_vf
     9.92715 |     -0.09927 |    -5.50e-06 |      0.00000 |      0.00000 |     5.68e-09 |     1.91e-08 |     -0.09928 |      0.29415
RCALL_LOGDIR:  /tmp/ppg
---------------------------------
| CpuMaxMemory       | 2.2e+09  |
| del_time           | 4.11     |
| EpLenMean          | 500      |
| EpRewMean          | 3.95     |
| EpSuccessMean      | 0        |
| GpuMaxMemory       | 6.81e+08 |
| IPS_total          | 62.3     |
| Iter               | 12       |
| Misc/FrameRewMean  | 0.0288   |
| Misc/InteractCount | 3.33e+03 |
| Misc/TimeElapsed   | 54.1     |
| Opt/approx_kl_k3   | 1.91e-08 |
| Opt/approxkl       | 5.68e-09 |
| Opt/clipfrac       | 0        |
| Opt/entropy        | 9.93     |
| Opt/loss_pi        | -0.0993  |
| Opt/loss_vf        | 0.294    |
| Opt/negent         | -0.0993  |
| Opt/pg             | -5.5e-06 |
| Opt/pi_kl          | 0        |
| VFStats/AdvMean    | 0.448    |
| VFStats/AdvStd     | 0.624    |
| VFStats/EV         | -0.0953  |
| VFStats/VpredMean  | 6.16     |
| VFStats/VpredStd   | 0.156    |
| VFStats/VtargMean  | 6.61     |
| VFStats/VtargStd   | 0.596    |
| wait_optimization  | 0.0289   |
---------------------------------
Warning: nminibatch > ntrain!! (8 > 1)
     entropy |       negent |           pg |        pi_kl |     clipfrac |     approxkl | approx_kl_k3 |      loss_pi |      loss_vf
     9.92762 |     -0.09928 |     3.58e-06 |      0.00000 |      0.00000 |     3.21e-09 |     1.00e-08 |     -0.09927 |      0.78599
RCALL_LOGDIR:  /tmp/ppg
---------------------------------
| CpuMaxMemory       | 2.2e+09  |
| del_time           | 4.29     |
| EpLenMean          | 500      |
| EpRewMean          | 4.36     |
| EpSuccessMean      | 0        |
| GpuMaxMemory       | 6.81e+08 |
| IPS_total          | 59.7     |
| Iter               | 13       |
| Misc/FrameRewMean  | 0.0152   |
| Misc/InteractCount | 3.58e+03 |
| Misc/TimeElapsed   | 58.4     |
| Opt/approx_kl_k3   | 1e-08    |
| Opt/approxkl       | 3.21e-09 |
| Opt/clipfrac       | 0        |
| Opt/entropy        | 9.93     |
| Opt/loss_pi        | -0.0993  |
| Opt/loss_vf        | 0.786    |
| Opt/negent         | -0.0993  |
| Opt/pg             | 3.58e-06 |
| Opt/pi_kl          | 0        |
| VFStats/AdvMean    | -0.317   |
| VFStats/AdvStd     | 1.22     |
| VFStats/EV         | -0.00835 |
| VFStats/VpredMean  | 6.3      |
| VFStats/VpredStd   | 0.0997   |
| VFStats/VtargMean  | 5.98     |
| VFStats/VtargStd   | 1.21     |
| wait_optimization  | 0.0287   |
---------------------------------
Warning: nminibatch > ntrain!! (8 > 1)
     entropy |       negent |           pg |        pi_kl |     clipfrac |     approxkl | approx_kl_k3 |      loss_pi |      loss_vf
     9.92813 |     -0.09928 |    -8.40e-06 |      0.00000 |      0.00000 |     4.54e-09 |     1.12e-08 |     -0.09929 |      0.15383
RCALL_LOGDIR:  /tmp/ppg
---------------------------------
| CpuMaxMemory       | 2.2e+09  |
| del_time           | 4.26     |
| EpLenMean          | 500      |
| EpRewMean          | 4.36     |
| EpSuccessMean      | 0        |
| GpuMaxMemory       | 6.81e+08 |
| IPS_total          | 60.1     |
| Iter               | 14       |
| Misc/FrameRewMean  | 0.0301   |
| Misc/InteractCount | 3.84e+03 |
| Misc/TimeElapsed   | 62.6     |
| Opt/approx_kl_k3   | 1.12e-08 |
| Opt/approxkl       | 4.54e-09 |
| Opt/clipfrac       | 0        |
| Opt/entropy        | 9.93     |
| Opt/loss_pi        | -0.0993  |
| Opt/loss_vf        | 0.154    |
| Opt/negent         | -0.0993  |
| Opt/pg             | -8.4e-06 |
| Opt/pi_kl          | 0        |
| VFStats/AdvMean    | 0.435    |
| VFStats/AdvStd     | 0.345    |
| VFStats/EV         | -0.843   |
| VFStats/VpredMean  | 6.39     |
| VFStats/VpredStd   | 0.154    |
| VFStats/VtargMean  | 6.82     |
| VFStats/VtargStd   | 0.254    |
| wait_optimization  | 0.029    |
---------------------------------
Warning: nminibatch > ntrain!! (8 > 1)
     entropy |       negent |           pg |        pi_kl |     clipfrac |     approxkl | approx_kl_k3 |      loss_pi |      loss_vf
     9.92867 |     -0.09929 |     5.72e-06 |      0.00000 |      0.00000 |     8.82e-09 |     1.42e-08 |     -0.09928 |      0.92997
RCALL_LOGDIR:  /tmp/ppg
---------------------------------
| CpuMaxMemory       | 2.2e+09  |
| del_time           | 4.31     |
| EpLenMean          | 500      |
| EpRewMean          | 4.69     |
| EpSuccessMean      | 0        |
| GpuMaxMemory       | 6.81e+08 |
| IPS_total          | 59.4     |
| Iter               | 15       |
| Misc/FrameRewMean  | 0.0141   |
| Misc/InteractCount | 4.1e+03  |
| Misc/TimeElapsed   | 66.9     |
| Opt/approx_kl_k3   | 1.42e-08 |
| Opt/approxkl       | 8.82e-09 |
| Opt/clipfrac       | 0        |
| Opt/entropy        | 9.93     |
| Opt/loss_pi        | -0.0993  |
| Opt/loss_vf        | 0.93     |
| Opt/negent         | -0.0993  |
| Opt/pg             | 5.72e-06 |
| Opt/pi_kl          | 0        |
| VFStats/AdvMean    | -0.362   |
| VFStats/AdvStd     | 1.32     |
| VFStats/EV         | -0.125   |
| VFStats/VpredMean  | 6.71     |
| VFStats/VpredStd   | 0.277    |
| VFStats/VtargMean  | 6.34     |
| VFStats/VtargStd   | 1.24     |
| wait_optimization  | 0.0286   |
---------------------------------
Warning: nminibatch > ntrain!! (8 > 1)
     entropy |       negent |           pg |        pi_kl |     clipfrac |     approxkl | approx_kl_k3 |      loss_pi |      loss_vf
     9.92895 |     -0.09929 |    -6.56e-06 |      0.00000 |      0.00000 |     3.23e-09 |     9.55e-09 |     -0.09930 |      0.37532
RCALL_LOGDIR:  /tmp/ppg
----------------------------------
| CpuMaxMemory       | 2.21e+09  |
| del_time           | 4.34      |
| EpLenMean          | 500       |
| EpRewMean          | 4.69      |
| EpSuccessMean      | 0         |
| GpuMaxMemory       | 6.81e+08  |
| IPS_total          | 59        |
| Iter               | 16        |
| Misc/FrameRewMean  | 0.0344    |
| Misc/InteractCount | 4.35e+03  |
| Misc/TimeElapsed   | 71.3      |
| Opt/approx_kl_k3   | 9.55e-09  |
| Opt/approxkl       | 3.23e-09  |
| Opt/clipfrac       | 0         |
| Opt/entropy        | 9.93      |
| Opt/loss_pi        | -0.0993   |
| Opt/loss_vf        | 0.375     |
| Opt/negent         | -0.0993   |
| Opt/pg             | -6.56e-06 |
| Opt/pi_kl          | 0         |
| VFStats/AdvMean    | 0.515     |
| VFStats/AdvStd     | 0.699     |
| VFStats/EV         | 0.103     |
| VFStats/VpredMean  | 6.4       |
| VFStats/VpredStd   | 0.104     |
| VFStats/VtargMean  | 6.92      |
| VFStats/VtargStd   | 0.738     |
| wait_optimization  | 0.0289    |
----------------------------------
Warning: nminibatch > ntrain!! (8 > 1)
     entropy |       negent |           pg |        pi_kl |     clipfrac |     approxkl | approx_kl_k3 |      loss_pi |      loss_vf
     9.92941 |     -0.09929 |    -1.25e-05 |      0.00000 |      0.00000 |     2.18e-08 |     2.96e-08 |     -0.09931 |      0.92334
RCALL_LOGDIR:  /tmp/ppg
----------------------------------
| CpuMaxMemory       | 2.21e+09  |
| del_time           | 4.41      |
| EpLenMean          | 500       |
| EpRewMean          | 4.99      |
| EpSuccessMean      | 0         |
| GpuMaxMemory       | 6.81e+08  |
| IPS_total          | 58.1      |
| Iter               | 17        |
| Misc/FrameRewMean  | 0.00355   |
| Misc/InteractCount | 4.61e+03  |
| Misc/TimeElapsed   | 75.7      |
| Opt/approx_kl_k3   | 2.96e-08  |
| Opt/approxkl       | 2.18e-08  |
| Opt/clipfrac       | 0         |
| Opt/entropy        | 9.93      |
| Opt/loss_pi        | -0.0993   |
| Opt/loss_vf        | 0.923     |
| Opt/negent         | -0.0993   |
| Opt/pg             | -1.25e-05 |
| Opt/pi_kl          | 0         |
| VFStats/AdvMean    | -0.553    |
| VFStats/AdvStd     | 1.24      |
| VFStats/EV         | 0.0233    |
| VFStats/VpredMean  | 6.8       |
| VFStats/VpredStd   | 0.114     |
| VFStats/VtargMean  | 6.25      |
| VFStats/VtargStd   | 1.26      |
| wait_optimization  | 0.0286    |
----------------------------------
Warning: nminibatch > ntrain!! (8 > 1)
     entropy |       negent |           pg |        pi_kl |     clipfrac |     approxkl | approx_kl_k3 |      loss_pi |      loss_vf
     9.92980 |     -0.09930 |    -1.32e-05 |      0.00000 |      0.00000 |     3.46e-08 |     4.28e-08 |     -0.09931 |      0.02446
RCALL_LOGDIR:  /tmp/ppg
----------------------------------
| CpuMaxMemory       | 2.21e+09  |
| del_time           | 4.35      |
| EpLenMean          | 500       |
| EpRewMean          | 4.99      |
| EpSuccessMean      | 0         |
| GpuMaxMemory       | 6.81e+08  |
| IPS_total          | 58.9      |
| Iter               | 18        |
| Misc/FrameRewMean  | 0.0116    |
| Misc/InteractCount | 4.86e+03  |
| Misc/TimeElapsed   | 80        |
| Opt/approx_kl_k3   | 4.28e-08  |
| Opt/approxkl       | 3.46e-08  |
| Opt/clipfrac       | 0         |
| Opt/entropy        | 9.93      |
| Opt/loss_pi        | -0.0993   |
| Opt/loss_vf        | 0.0245    |
| Opt/negent         | -0.0993   |
| Opt/pg             | -1.32e-05 |
| Opt/pi_kl          | 0         |
| VFStats/AdvMean    | 0.0943    |
| VFStats/AdvStd     | 0.201     |
| VFStats/EV         | 0.49      |
| VFStats/VpredMean  | 6.98      |
| VFStats/VpredStd   | 0.182     |
| VFStats/VtargMean  | 7.07      |
| VFStats/VtargStd   | 0.282     |
| wait_optimization  | 0.0288    |
----------------------------------
Warning: nminibatch > ntrain!! (8 > 1)
     entropy |       negent |           pg |        pi_kl |     clipfrac |     approxkl | approx_kl_k3 |      loss_pi |      loss_vf
     9.93045 |     -0.09930 |    -8.57e-07 |      0.00000 |      0.00000 |     1.80e-09 |     1.26e-08 |     -0.09931 |      0.81067
RCALL_LOGDIR:  /tmp/ppg
----------------------------------
| CpuMaxMemory       | 2.22e+09  |
| del_time           | 4.24      |
| EpLenMean          | 500       |
| EpRewMean          | 4.84      |
| EpSuccessMean      | 0         |
| GpuMaxMemory       | 6.81e+08  |
| IPS_total          | 60.4      |
| Iter               | 19        |
| Misc/FrameRewMean  | 0.00957   |
| Misc/InteractCount | 5.12e+03  |
| Misc/TimeElapsed   | 84.3      |
| Opt/approx_kl_k3   | 1.26e-08  |
| Opt/approxkl       | 1.8e-09   |
| Opt/clipfrac       | 0         |
| Opt/entropy        | 9.93      |
| Opt/loss_pi        | -0.0993   |
| Opt/loss_vf        | 0.811     |
| Opt/negent         | -0.0993   |
| Opt/pg             | -8.57e-07 |
| Opt/pi_kl          | 0         |
| VFStats/AdvMean    | -0.44     |
| VFStats/AdvStd     | 1.2       |
| VFStats/EV         | 0.105     |
| VFStats/VpredMean  | 6.7       |
| VFStats/VpredStd   | 0.222     |
| VFStats/VtargMean  | 6.26      |
| VFStats/VtargStd   | 1.27      |
| wait_optimization  | 0.0287    |
----------------------------------
Exception ignored in: <function MjRenderContext.__del__ at 0x7fc01757add0>
Traceback (most recent call last):
  File "/tmp/w/RL-ViGen-upstream/third_party/robosuite/robosuite/utils/binding_utils.py", line 203, in __del__
    self.gl_ctx.free()
  File "/tmp/w/RL-ViGen-upstream/third_party/robosuite/robosuite/renderers/context/egl_context.py", line 149, in free
    EGL.eglMakeCurrent(EGL_DISPLAY, EGL.EGL_NO_SURFACE, EGL.EGL_NO_SURFACE, EGL.EGL_NO_CONTEXT)
  File "/usr/local/lib/python3.10/dist-packages/OpenGL/error.py", line 230, in glCheckError
    raise self._errorClass(
OpenGL.raw.EGL._errors.EGLError: EGLError(
	err = EGL_NOT_INITIALIZED,
	baseOperation = eglMakeCurrent,
	cArguments = (
		<OpenGL._opaque.EGLDisplay_pointer object at 0x7fc04f16cbc0>,
		<OpenGL._opaque.EGLSurface_pointer object at 0x7fc017b090c0>,
		<OpenGL._opaque.EGLSurface_pointer object at 0x7fc017b090c0>,
		<OpenGL._opaque.EGLContext_pointer object at 0x7fc017b091c0>,
	),
	result = 0
)
Exception ignored in: <function EGLGLContext.__del__ at 0x7fc01757ac20>
Traceback (most recent call last):
  File "/tmp/w/RL-ViGen-upstream/third_party/robosuite/robosuite/renderers/context/egl_context.py", line 155, in __del__
    self.free()
  File "/tmp/w/RL-ViGen-upstream/third_party/robosuite/robosuite/renderers/context/egl_context.py", line 149, in free
    EGL.eglMakeCurrent(EGL_DISPLAY, EGL.EGL_NO_SURFACE, EGL.EGL_NO_SURFACE, EGL.EGL_NO_CONTEXT)
  File "/usr/local/lib/python3.10/dist-packages/OpenGL/error.py", line 230, in glCheckError
    raise self._errorClass(
OpenGL.raw.EGL._errors.EGLError: EGLError(
	err = EGL_NOT_INITIALIZED,
	baseOperation = eglMakeCurrent,
	cArguments = (
		<OpenGL._opaque.EGLDisplay_pointer object at 0x7fc04f16cbc0>,
		<OpenGL._opaque.EGLSurface_pointer object at 0x7fc017b090c0>,
		<OpenGL._opaque.EGLSurface_pointer object at 0x7fc017b090c0>,
		<OpenGL._opaque.EGLContext_pointer object at 0x7fc017b091c0>,
	),
	result = 0
)
